Archive member included to satisfy reference by file (symbol)

/usr/lib/gcc/arm-none-eabi/13.2.1/thumb/v6-m/nofp/libgcc.a(_dvmd_tls.o)
                              CMakeFiles/sdc41.dir/home/henrik/sdk/pico-sdk/src/rp2_common/pico_divider/divider_hardware.S.o (__aeabi_idiv0)
/usr/lib/gcc/arm-none-eabi/13.2.1/../../../arm-none-eabi/lib/thumb/v6-m/nofp/libg.a(libc_a-strtod.o)
                              CMakeFiles/sdc41.dir/src/main.c.o (strtod)
/usr/lib/gcc/arm-none-eabi/13.2.1/../../../arm-none-eabi/lib/thumb/v6-m/nofp/libg.a(libc_a-locale.o)
                              /usr/lib/gcc/arm-none-eabi/13.2.1/../../../arm-none-eabi/lib/thumb/v6-m/nofp/libg.a(libc_a-strtod.o) (__global_locale)
/usr/lib/gcc/arm-none-eabi/13.2.1/../../../arm-none-eabi/lib/thumb/v6-m/nofp/libg.a(libc_a-strcmp.o)
                              CMakeFiles/sdc41.dir/src/main.c.o (strcmp)
/usr/lib/gcc/arm-none-eabi/13.2.1/../../../arm-none-eabi/lib/thumb/v6-m/nofp/libg.a(libc_a-gdtoa-gethex.o)
                              /usr/lib/gcc/arm-none-eabi/13.2.1/../../../arm-none-eabi/lib/thumb/v6-m/nofp/libg.a(libc_a-strtod.o) (__gethex)
/usr/lib/gcc/arm-none-eabi/13.2.1/../../../arm-none-eabi/lib/thumb/v6-m/nofp/libg.a(libc_a-mbtowc_r.o)
                              /usr/lib/gcc/arm-none-eabi/13.2.1/../../../arm-none-eabi/lib/thumb/v6-m/nofp/libg.a(libc_a-locale.o) (__ascii_mbtowc)
/usr/lib/gcc/arm-none-eabi/13.2.1/../../../arm-none-eabi/lib/thumb/v6-m/nofp/libg.a(libc_a-strncmp.o)
                              /usr/lib/gcc/arm-none-eabi/13.2.1/../../../arm-none-eabi/lib/thumb/v6-m/nofp/libg.a(libc_a-strtod.o) (strncmp)
/usr/lib/gcc/arm-none-eabi/13.2.1/../../../arm-none-eabi/lib/thumb/v6-m/nofp/libg.a(libc_a-calloc.o)
                              CMakeFiles/sdc41.dir/home/henrik/sdk/pico-sdk/src/rp2_common/pico_malloc/malloc.c.o (calloc)
/usr/lib/gcc/arm-none-eabi/13.2.1/../../../arm-none-eabi/lib/thumb/v6-m/nofp/libg.a(libc_a-errno.o)
                              /usr/lib/gcc/arm-none-eabi/13.2.1/../../../arm-none-eabi/lib/thumb/v6-m/nofp/libg.a(libc_a-strtod.o) (__errno)
/usr/lib/gcc/arm-none-eabi/13.2.1/../../../arm-none-eabi/lib/thumb/v6-m/nofp/libg.a(libc_a-impure.o)
                              /usr/lib/gcc/arm-none-eabi/13.2.1/../../../arm-none-eabi/lib/thumb/v6-m/nofp/libg.a(libc_a-strtod.o) (_impure_ptr)
/usr/lib/gcc/arm-none-eabi/13.2.1/../../../arm-none-eabi/lib/thumb/v6-m/nofp/libg.a(libc_a-callocr.o)
                              /usr/lib/gcc/arm-none-eabi/13.2.1/../../../arm-none-eabi/lib/thumb/v6-m/nofp/libg.a(libc_a-calloc.o) (_calloc_r)
/usr/lib/gcc/arm-none-eabi/13.2.1/../../../arm-none-eabi/lib/thumb/v6-m/nofp/libg.a(libc_a-realloc.o)
                              CMakeFiles/sdc41.dir/home/henrik/sdk/pico-sdk/src/rp2_common/pico_malloc/malloc.c.o (realloc)
/usr/lib/gcc/arm-none-eabi/13.2.1/../../../arm-none-eabi/lib/thumb/v6-m/nofp/libg.a(libc_a-mallocr.o)
                              /usr/lib/gcc/arm-none-eabi/13.2.1/../../../arm-none-eabi/lib/thumb/v6-m/nofp/libg.a(libc_a-callocr.o) (_malloc_r)
/usr/lib/gcc/arm-none-eabi/13.2.1/../../../arm-none-eabi/lib/thumb/v6-m/nofp/libg.a(libc_a-freer.o)
                              /usr/lib/gcc/arm-none-eabi/13.2.1/../../../arm-none-eabi/lib/thumb/v6-m/nofp/libg.a(libc_a-mallocr.o) (_free_r)
/usr/lib/gcc/arm-none-eabi/13.2.1/../../../arm-none-eabi/lib/thumb/v6-m/nofp/libg.a(libc_a-memcmp.o)
                              CMakeFiles/sdc41.dir/home/henrik/sdk/pico-sdk/src/rp2_common/pico_atomic/atomic.c.o (memcmp)
/usr/lib/gcc/arm-none-eabi/13.2.1/../../../arm-none-eabi/lib/thumb/v6-m/nofp/libg.a(libc_a-strtol.o)
                              CMakeFiles/sdc41.dir/src/main.c.o (strtol)
/usr/lib/gcc/arm-none-eabi/13.2.1/../../../arm-none-eabi/lib/thumb/v6-m/nofp/libg.a(libc_a-wctomb_r.o)
                              /usr/lib/gcc/arm-none-eabi/13.2.1/../../../arm-none-eabi/lib/thumb/v6-m/nofp/libg.a(libc_a-locale.o) (__ascii_wctomb)
/usr/lib/gcc/arm-none-eabi/13.2.1/../../../arm-none-eabi/lib/thumb/v6-m/nofp/libg.a(libc_a-malloc.o)
                              CMakeFiles/sdc41.dir/home/henrik/sdk/pico-sdk/src/rp2_common/pico_malloc/malloc.c.o (malloc)
/usr/lib/gcc/arm-none-eabi/13.2.1/../../../arm-none-eabi/lib/thumb/v6-m/nofp/libg.a(libc_a-sysconf.o)
                              /usr/lib/gcc/arm-none-eabi/13.2.1/../../../arm-none-eabi/lib/thumb/v6-m/nofp/libg.a(libc_a-mallocr.o) (sysconf)
/usr/lib/gcc/arm-none-eabi/13.2.1/../../../arm-none-eabi/lib/thumb/v6-m/nofp/libg.a(libc_a-reallocr.o)
                              /usr/lib/gcc/arm-none-eabi/13.2.1/../../../arm-none-eabi/lib/thumb/v6-m/nofp/libg.a(libc_a-realloc.o) (_realloc_r)
/usr/lib/gcc/arm-none-eabi/13.2.1/../../../arm-none-eabi/lib/thumb/v6-m/nofp/libg.a(libc_a-mktime.o)
                              CMakeFiles/sdc41.dir/home/henrik/sdk/pico-sdk/src/common/pico_util/datetime.c.o (mktime)
/usr/lib/gcc/arm-none-eabi/13.2.1/../../../arm-none-eabi/lib/thumb/v6-m/nofp/libg.a(libc_a-mlock.o)
[...]
Memory Configuration

Name             Origin             Length             Attributes
FLASH            0x10000000         0x00200000         xr
XIP_RAM          0x15000000         0x00004000         xrw
RAM              0x20000000         0x00040000         xrw
SCRATCH_X        0x20040000         0x00001000         xrw
SCRATCH_Y        0x20041000         0x00001000         xrw
*default*        0x00000000         0xffffffff

Linker script and memory map

                0x20000000                        RAM_ORIGIN_DEFAULT = 0x20000000
                0x00040000                        RAM_LENGTH_DEFAULT = 0x40000
                0x20040000                        SCRATCH_X_ORIGIN_DEFAULT = 0x20040000
                0x00001000                        SCRATCH_X_LENGTH_DEFAULT = 0x1000
                0x20041000                        SCRATCH_Y_ORIGIN_DEFAULT = 0x20041000
                0x00001000                        SCRATCH_Y_LENGTH_DEFAULT = 0x1000
                0x15000000                        XIP_RAM_ORIGIN_DEFAULT = 0x15000000
                0x00004000                        XIP_RAM_LENGTH_DEFAULT = 0x4000
LOAD CMakeFiles/sdc41.dir/src/main.c.o
LOAD CMakeFiles/sdc41.dir/src/sdc41.c.o
LOAD CMakeFiles/sdc41.dir/src/sdc41_crc.c.o
LOAD CMakeFiles/sdc41.dir/home/henrik/sdk/pico-sdk/src/rp2_common/pico_stdlib/stdlib.c.o
LOAD CMakeFiles/sdc41.dir/home/henrik/sdk/pico-sdk/src/rp2_common/hardware_gpio/gpio.c.o
LOAD CMakeFiles/sdc41.dir/home/henrik/sdk/pico-sdk/src/rp2040/pico_platform/platform.c.o
LOAD CMakeFiles/sdc41.dir/home/henrik/sdk/pico-sdk/src/rp2_common/pico_platform_common/common.c.o
LOAD CMakeFiles/sdc41.dir/home/henrik/sdk/pico-sdk/src/rp2_common/pico_platform_panic/panic.c.o
LOAD CMakeFiles/sdc41.dir/home/henrik/sdk/pico-sdk/src/rp2_common/pico_platform_panic/custom_panic_function.S.o
LOAD CMakeFiles/sdc41.dir/home/henrik/sdk/pico-sdk/src/common/hardware_claim/claim.c.o
LOAD CMakeFiles/sdc41.dir/home/henrik/sdk/pico-sdk/src/rp2_common/hardware_sync/sync.c.o
LOAD CMakeFiles/sdc41.dir/home/henrik/sdk/pico-sdk/src/rp2_common/hardware_sync_spin_lock/sync_spin_lock.c.o
LOAD CMakeFiles/sdc41.dir/home/henrik/sdk/pico-sdk/src/rp2_common/hardware_irq/irq.c.o
LOAD CMakeFiles/sdc41.dir/home/henrik/sdk/pico-sdk/src/rp2_common/hardware_irq/irq_handler_chain.S.o
LOAD CMakeFiles/sdc41.dir/home/henrik/sdk/pico-sdk/src/common/pico_sync/sem.c.o
LOAD CMakeFiles/sdc41.dir/home/henrik/sdk/pico-sdk/src/common/pico_sync/lock_core.c.o
LOAD CMakeFiles/sdc41.dir/home/henrik/sdk/pico-sdk/src/common/pico_sync/mutex.c.o
LOAD CMakeFiles/sdc41.dir/home/henrik/sdk/pico-sdk/src/common/pico_sync/critical_section.c.o
LOAD CMakeFiles/sdc41.dir/home/henrik/sdk/pico-sdk/src/common/pico_time/time.c.o
LOAD CMakeFiles/sdc41.dir/home/henrik/sdk/pico-sdk/src/common/pico_time/timeout_helper.c.o
LOAD CMakeFiles/sdc41.dir/home/henrik/sdk/pico-sdk/src/rp2_common/hardware_timer/timer.c.o
LOAD CMakeFiles/sdc41.dir/home/henrik/sdk/pico-sdk/src/common/pico_util/datetime.c.o
LOAD CMakeFiles/sdc41.dir/home/henrik/sdk/pico-sdk/src/common/pico_util/fixed_bitset.c.o
LOAD CMakeFiles/sdc41.dir/home/henrik/sdk/pico-sdk/src/common/pico_util/pheap.c.o
LOAD CMakeFiles/sdc41.dir/home/henrik/sdk/pico-sdk/src/common/pico_util/queue.c.o
LOAD CMakeFiles/sdc41.dir/home/henrik/sdk/pico-sdk/src/rp2_common/hardware_uart/uart.c.o
LOAD CMakeFiles/sdc41.dir/home/henrik/sdk/pico-sdk/src/rp2_common/hardware_clocks/clocks.c.o
LOAD CMakeFiles/sdc41.dir/home/henrik/sdk/pico-sdk/src/rp2_common/hardware_pll/pll.c.o
LOAD CMakeFiles/sdc41.dir/home/henrik/sdk/pico-sdk/src/rp2_common/hardware_vreg/vreg.c.o
LOAD CMakeFiles/sdc41.dir/home/henrik/sdk/pico-sdk/src/rp2_common/hardware_watchdog/watchdog.c.o
LOAD CMakeFiles/sdc41.dir/home/henrik/sdk/pico-sdk/src/rp2_common/hardware_ticks/ticks.c.o
LOAD CMakeFiles/sdc41.dir/home/henrik/sdk/pico-sdk/src/rp2_common/pico_bootrom/bootrom.c.o
LOAD CMakeFiles/sdc41.dir/home/henrik/sdk/pico-sdk/src/rp2_common/pico_bootrom/bootrom_lock.c.o
LOAD CMakeFiles/sdc41.dir/home/henrik/sdk/pico-sdk/src/rp2_common/hardware_boot_lock/boot_lock.c.o
LOAD CMakeFiles/sdc41.dir/home/henrik/sdk/pico-sdk/src/rp2_common/pico_flash/flash.c.o
LOAD CMakeFiles/sdc41.dir/home/henrik/sdk/pico-sdk/src/rp2_common/hardware_xosc/xosc.c.o
LOAD CMakeFiles/sdc41.dir/home/henrik/sdk/pico-sdk/src/rp2_common/hardware_divider/divider.S.o
LOAD CMakeFiles/sdc41.dir/home/henrik/sdk/pico-sdk/src/rp2_common/pico_runtime/runtime.c.o
LOAD CMakeFiles/sdc41.dir/home/henrik/sdk/pico-sdk/src/rp2_common/pico_runtime_init/runtime_init.c.o
LOAD CMakeFiles/sdc41.dir/home/henrik/sdk/pico-sdk/src/rp2_common/pico_runtime_init/runtime_init_clocks.c.o
LOAD CMakeFiles/sdc41.dir/home/henrik/sdk/pico-sdk/src/rp2_common/pico_runtime_init/runtime_init_stack_guard.c.o
LOAD CMakeFiles/sdc41.dir/home/henrik/sdk/pico-sdk/src/rp2_common/hardware_rtc/rtc.c.o
LOAD CMakeFiles/sdc41.dir/home/henrik/sdk/pico-sdk/src/rp2_common/pico_bit_ops/bit_ops_aeabi.S.o
LOAD CMakeFiles/sdc41.dir/home/henrik/sdk/pico-sdk/src/rp2_common/pico_divider/divider_hardware.S.o
LOAD CMakeFiles/sdc41.dir/home/henrik/sdk/pico-sdk/src/rp2_common/pico_double/double_aeabi_rp2040.S.o
LOAD CMakeFiles/sdc41.dir/home/henrik/sdk/pico-sdk/src/rp2_common/pico_double/double_init_rom_rp2040.c.o
LOAD CMakeFiles/sdc41.dir/home/henrik/sdk/pico-sdk/src/rp2_common/pico_double/double_math.c.o
LOAD CMakeFiles/sdc41.dir/home/henrik/sdk/pico-sdk/src/rp2_common/pico_double/double_v1_rom_shim_rp2040.S.o
LOAD CMakeFiles/sdc41.dir/home/henrik/sdk/pico-sdk/src/rp2_common/pico_int64_ops/pico_int64_ops_aeabi.S.o
LOAD CMakeFiles/sdc41.dir/home/henrik/sdk/pico-sdk/src/rp2_common/pico_float/float_aeabi_rp2040.S.o
LOAD CMakeFiles/sdc41.dir/home/henrik/sdk/pico-sdk/src/rp2_common/pico_float/float_init_rom_rp2040.c.o
LOAD CMakeFiles/sdc41.dir/home/henrik/sdk/pico-sdk/src/rp2_common/pico_float/float_math.c.o
LOAD CMakeFiles/sdc41.dir/home/henrik/sdk/pico-sdk/src/rp2_common/pico_float/float_v1_rom_shim_rp2040.S.o
LOAD CMakeFiles/sdc41.dir/home/henrik/sdk/pico-sdk/src/rp2_common/pico_malloc/malloc.c.o
LOAD CMakeFiles/sdc41.dir/home/henrik/sdk/pico-sdk/src/rp2_common/pico_mem_ops/mem_ops_aeabi.S.o
LOAD CMakeFiles/sdc41.dir/home/henrik/sdk/pico-sdk/src/rp2_common/pico_atomic/atomic.c.o
LOAD CMakeFiles/sdc41.dir/home/henrik/sdk/pico-sdk/src/rp2_common/pico_cxx_options/new_delete.cpp.o
LOAD CMakeFiles/sdc41.dir/home/henrik/sdk/pico-sdk/src/rp2_common/pico_standard_binary_info/standard_binary_info.c.o
LOAD CMakeFiles/sdc41.dir/home/henrik/sdk/pico-sdk/src/rp2_common/pico_printf/printf.c.o
LOAD CMakeFiles/sdc41.dir/home/henrik/sdk/pico-sdk/src/rp2_common/pico_crt0/crt0.S.o
LOAD CMakeFiles/sdc41.dir/home/henrik/sdk/pico-sdk/src/rp2_common/pico_clib_interface/newlib_interface.c.o
LOAD CMakeFiles/sdc41.dir/home/henrik/sdk/pico-sdk/src/rp2_common/pico_clib_interface/cxa_guard.c.o
LOAD CMakeFiles/sdc41.dir/home/henrik/sdk/pico-sdk/src/rp2_common/pico_stdio/stdio.c.o
LOAD CMakeFiles/sdc41.dir/home/henrik/sdk/pico-sdk/src/rp2_common/pico_thread_local/thread_local.c.o
LOAD CMakeFiles/sdc41.dir/home/henrik/sdk/pico-sdk/src/rp2_common/hardware_i2c/i2c.c.o
LOAD pico-sdk/src/rp2040/boot_stage2/CMakeFiles/bs2_default_library.dir/bs2_default_padded_checksummed.S.o
LOAD /usr/lib/gcc/arm-none-eabi/13.2.1/../../../arm-none-eabi/lib/thumb/v6-m/nofp/libstdc++.a
LOAD /usr/lib/gcc/arm-none-eabi/13.2.1/../../../arm-none-eabi/lib/thumb/v6-m/nofp/libm.a
START GROUP
LOAD /usr/lib/gcc/arm-none-eabi/13.2.1/thumb/v6-m/nofp/libgcc.a
LOAD /usr/lib/gcc/arm-none-eabi/13.2.1/../../../arm-none-eabi/lib/thumb/v6-m/nofp/libg.a
LOAD /usr/lib/gcc/arm-none-eabi/13.2.1/../../../arm-none-eabi/lib/thumb/v6-m/nofp/libc.a
END GROUP
                0x20000000                        PROVIDE (RAM_ORIGIN = RAM_ORIGIN_DEFAULT)
                0x00040000                        PROVIDE (RAM_LENGTH = RAM_LENGTH_DEFAULT)
                0x20040000                        PROVIDE (SCRATCH_X_ORIGIN = SCRATCH_X_ORIGIN_DEFAULT)
                0x00001000                        PROVIDE (SCRATCH_X_LENGTH = SCRATCH_X_LENGTH_DEFAULT)
                0x20041000                        PROVIDE (SCRATCH_Y_ORIGIN = SCRATCH_Y_ORIGIN_DEFAULT)
                0x00001000                        PROVIDE (SCRATCH_Y_LENGTH = SCRATCH_Y_LENGTH_DEFAULT)
                0x15000000                        PROVIDE (XIP_RAM_ORIGIN = XIP_RAM_ORIGIN_DEFAULT)
                0x00004000                        PROVIDE (XIP_RAM_LENGTH = XIP_RAM_LENGTH_DEFAULT)
                0x20000000                        RAM_ORIGIN = DEFINED (RAM_ORIGIN)?RAM_ORIGIN:RAM_ORIGIN_DEFAULT
                0x00040000                        RAM_LENGTH = DEFINED (RAM_LENGTH)?RAM_LENGTH:RAM_LENGTH_DEFAULT
                0x20040000                        SCRATCH_X_ORIGIN = DEFINED (SCRATCH_X_ORIGIN)?SCRATCH_X_ORIGIN:SCRATCH_X_ORIGIN_DEFAULT
                0x00001000                        SCRATCH_X_LENGTH = DEFINED (SCRATCH_X_LENGTH)?SCRATCH_X_LENGTH:SCRATCH_X_LENGTH_DEFAULT
                0x20041000                        SCRATCH_Y_ORIGIN = DEFINED (SCRATCH_Y_ORIGIN)?SCRATCH_Y_ORIGIN:SCRATCH_Y_ORIGIN_DEFAULT
                0x00001000                        SCRATCH_Y_LENGTH = DEFINED (SCRATCH_Y_LENGTH)?SCRATCH_Y_LENGTH:SCRATCH_Y_LENGTH_DEFAULT
                0x15000000                        XIP_RAM_ORIGIN = DEFINED (XIP_RAM_ORIGIN)?XIP_RAM_ORIGIN:XIP_RAM_ORIGIN_DEFAULT
                0x00004000                        XIP_RAM_LENGTH = DEFINED (XIP_RAM_LENGTH)?XIP_RAM_LENGTH:XIP_RAM_LENGTH_DEFAULT

.flash_begin    0x10000000        0x0
                0x10000000                        __flash_binary_start = .

.boot2          0x10000000      0x100
                0x10000000                        __boot2_start__ = .
 *(.boot2)
 .boot2         0x10000000      0x100 pico-sdk/src/rp2040/boot_stage2/CMakeFiles/bs2_default_library.dir/bs2_default_padded_checksummed.S.o
                0x10000100                        __boot2_end__ = .
                0x00000001                        ASSERT (((__boot2_end__ - __boot2_start__) == 0x100), ERROR: Pico second stage bootloader must be exactly 256 bytes in size for RP2040)

.flashtext      0x10000100      0x18c
                0x10000100                        __logical_binary_start = .
 *(.vectors)
 .vectors       0x10000100       0xd4 CMakeFiles/sdc41.dir/home/henrik/sdk/pico-sdk/src/rp2_common/pico_crt0/crt0.S.o
                0x10000100                __vectors
                0x10000100                __VECTOR_TABLE
                0x100001c0                isr_irq30
                0x100001c0                __unhandled_user_irq
                0x100001c0                isr_irq13
                0x100001c0                isr_irq27
                0x100001c0                isr_irq31
                0x100001c0                isr_irq5
                0x100001c0                isr_irq11
                0x100001c0                isr_irq23
                0x100001c0                isr_irq18
                0x100001c0                isr_irq28
                0x100001c0                isr_irq19
                0x100001c0                isr_irq0
                0x100001c0                isr_irq6
                0x100001c0                isr_irq22
                0x100001c0                isr_irq17
                0x100001c0                isr_irq14
                0x100001c0                __vectors_end
                0x100001c0                __default_isrs_start
                0x100001c0                isr_irq2
                0x100001c0                isr_irq10
                0x100001c0                isr_irq8
                0x100001c0                isr_irq24
                0x100001c0                isr_irq1
                0x100001c0                isr_irq7
                0x100001c0                isr_irq21
                0x100001c0                isr_irq20
                0x100001c0                isr_irq15
                0x100001c0                isr_irq25
                0x100001c0                isr_irq4
                0x100001c0                isr_irq16
                0x100001c0                isr_irq29
                0x100001c0                isr_irq26
                0x100001c0                isr_irq3
                0x100001c0                isr_irq12
                0x100001c0                isr_irq9
                0x100001c6                unhandled_user_irq_num_in_r0
                0x100001c8                isr_invalid
                0x100001ca                isr_nmi
                0x100001cc                isr_hardfault
                0x100001ce                isr_svcall
                0x100001d0                isr_pendsv
                0x100001d2                isr_systick
                0x100001d4                __default_isrs_end
 *(.binary_info_header)
 .binary_info_header
                0x100001d4       0x14 CMakeFiles/sdc41.dir/home/henrik/sdk/pico-sdk/src/rp2_common/pico_crt0/crt0.S.o
                0x100001e8                        __binary_info_header_end = .
 *(.embedded_block)
                0x100001e8                        __embedded_block_end = .
 *(.reset)
 .reset         0x100001e8       0xa4 CMakeFiles/sdc41.dir/home/henrik/sdk/pico-sdk/src/rp2_common/pico_crt0/crt0.S.o
                0x100001e8                _entry_point
                0x1000028c                        . = ALIGN (0x4)

.rodata         0x1000028c        0x0
 *(SORT_BY_ALIGNMENT(SORT_BY_NAME(.flashdata*)))
                0x1000028c                        . = ALIGN (0x4)

.ARM.extab
 *(.ARM.extab* .gnu.linkonce.armextab.*)
                0x1000028c                        __exidx_start = .

.ARM.exidx
 *(.ARM.exidx* .gnu.linkonce.armexidx.*)
                0x1000028c                        __exidx_end = .
                0x1000028c                        . = ALIGN (0x4)
                0x1000028c                        __binary_info_start = .

.binary_info    0x1000028c       0x1c
 *(.binary_info.keep.*)
 .binary_info.keep.__bi_ptr84
                0x1000028c        0x4 CMakeFiles/sdc41.dir/home/henrik/sdk/pico-sdk/src/rp2_common/pico_standard_binary_info/standard_binary_info.c.o
 .binary_info.keep.__bi_ptr78
                0x10000290        0x4 CMakeFiles/sdc41.dir/home/henrik/sdk/pico-sdk/src/rp2_common/pico_standard_binary_info/standard_binary_info.c.o
 .binary_info.keep.__bi_ptr54
                0x10000294        0x4 CMakeFiles/sdc41.dir/home/henrik/sdk/pico-sdk/src/rp2_common/pico_standard_binary_info/standard_binary_info.c.o
 .binary_info.keep.__bi_ptr48
                0x10000298        0x4 CMakeFiles/sdc41.dir/home/henrik/sdk/pico-sdk/src/rp2_common/pico_standard_binary_info/standard_binary_info.c.o
 .binary_info.keep.__bi_ptr42
                0x1000029c        0x4 CMakeFiles/sdc41.dir/home/henrik/sdk/pico-sdk/src/rp2_common/pico_standard_binary_info/standard_binary_info.c.o
 .binary_info.keep.__bi_ptr34
                0x100002a0        0x4 CMakeFiles/sdc41.dir/home/henrik/sdk/pico-sdk/src/rp2_common/pico_standard_binary_info/standard_binary_info.c.o
 .binary_info.keep.__bi_ptr26
                0x100002a4        0x4 CMakeFiles/sdc41.dir/home/henrik/sdk/pico-sdk/src/rp2_common/pico_standard_binary_info/standard_binary_info.c.o
 *(.binary_info.*)
                0x100002a8                        __binary_info_end = .
                0x100002a8                        . = ALIGN (0x4)

.ram_vector_table
                0x20000000       0xc0
 *(.ram_vector_table)
 .ram_vector_table
                0x20000000       0xc0 CMakeFiles/sdc41.dir/home/henrik/sdk/pico-sdk/src/rp2_common/pico_runtime_init/runtime_init.c.o
                0x20000000                ram_vector_table

.uninitialized_data
                0x200000c0        0x0
                0x200000c0                        . = ALIGN (0x4)
 *(.uninitialized_data*)

.text           0x200000c0     0x88fc load address 0x100002a8
                0x200000c0                        __ram_text_start__ = .
 *(.init)
 *(.text*)
 .text.uart_puts.constprop.0
                0x200000c0       0x5c CMakeFiles/sdc41.dir/src/main.c.o
 .text.console_printf
                0x2000011c       0x78 CMakeFiles/sdc41.dir/src/main.c.o
 .text.startup.main
                0x20000194     0x1320 CMakeFiles/sdc41.dir/src/main.c.o
                0x20000194                main
 .text.sdc41_init
                0x200014b4       0x24 CMakeFiles/sdc41.dir/src/sdc41.c.o
                0x200014b4                sdc41_init
 .text.sdc41_result_string
                0x200014d8       0x18 CMakeFiles/sdc41.dir/src/sdc41.c.o
                0x200014d8                sdc41_result_string
 .text.sdc41_start_periodic
                0x200014f0       0x2c CMakeFiles/sdc41.dir/src/sdc41.c.o
                0x200014f0                sdc41_start_periodic
 .text.sdc41_stop_periodic
                0x2000151c       0x3c CMakeFiles/sdc41.dir/src/sdc41.c.o
                0x2000151c                sdc41_stop_periodic
 .text.sdc41_measure_single_shot
                0x20001558       0x40 CMakeFiles/sdc41.dir/src/sdc41.c.o
                0x20001558                sdc41_measure_single_shot
 .text.sdc41_read_measurement
                0x20001598       0xd0 CMakeFiles/sdc41.dir/src/sdc41.c.o
                0x20001598                sdc41_read_measurement
 .text.sdc41_get_ready
                0x20001668       0x70 CMakeFiles/sdc41.dir/src/sdc41.c.o
                0x20001668                sdc41_get_ready
 .text.sdc41_get_serial
                0x200016d8       0x7c CMakeFiles/sdc41.dir/src/sdc41.c.o
                0x200016d8                sdc41_get_serial
 .text.sdc41_self_test
                0x20001754       0x70 CMakeFiles/sdc41.dir/src/sdc41.c.o
                0x20001754                sdc41_self_test
 .text.sdc41_get_asc
                0x200017c4       0x80 CMakeFiles/sdc41.dir/src/sdc41.c.o
                0x200017c4                sdc41_get_asc
 .text.sdc41_set_asc
                0x20001844       0x40 CMakeFiles/sdc41.dir/src/sdc41.c.o
                0x20001844                sdc41_set_asc
 .text.sdc41_get_offset_raw
                0x20001884       0x6c CMakeFiles/sdc41.dir/src/sdc41.c.o
                0x20001884                sdc41_get_offset_raw
 .text.sdc41_set_offset_raw
                0x200018f0       0x40 CMakeFiles/sdc41.dir/src/sdc41.c.o
                0x200018f0                sdc41_set_offset_raw
 .text.sdc41_get_altitude
                0x20001930       0x6c CMakeFiles/sdc41.dir/src/sdc41.c.o
                0x20001930                sdc41_get_altitude
 .text.sdc41_set_altitude
                0x2000199c       0x40 CMakeFiles/sdc41.dir/src/sdc41.c.o
                0x2000199c                sdc41_set_altitude
 .text.sdc41_crc8
                0x200019dc       0x90 CMakeFiles/sdc41.dir/src/sdc41_crc.c.o
                0x200019dc                sdc41_crc8
 .text.sdc41_crc_self_check
                0x20001a6c        0x4 CMakeFiles/sdc41.dir/src/sdc41_crc.c.o
                0x20001a6c                sdc41_crc_self_check
 .text.gpio_set_function
                0x20001a70       0x34 CMakeFiles/sdc41.dir/home/henrik/sdk/pico-sdk/src/rp2_common/hardware_gpio/gpio.c.o
                0x20001a70                gpio_set_function
 .text.panic    0x20001aa4       0x30 CMakeFiles/sdc41.dir/home/henrik/sdk/pico-sdk/src/rp2_common/pico_platform_panic/panic.c.o
                0x20001aa4                panic
 .text.hw_claim_or_assert
                0x20001ad4       0x44 CMakeFiles/sdc41.dir/home/henrik/sdk/pico-sdk/src/common/hardware_claim/claim.c.o
                0x20001ad4                hw_claim_or_assert
 .text.next_striped_spin_lock_num
                0x20001b18       0x18 CMakeFiles/sdc41.dir/home/henrik/sdk/pico-sdk/src/rp2_common/hardware_sync/sync.c.o
                0x20001b18                next_striped_spin_lock_num
 .text.spin_locks_reset
                0x20001b30       0x1c CMakeFiles/sdc41.dir/home/henrik/sdk/pico-sdk/src/rp2_common/hardware_sync_spin_lock/sync_spin_lock.c.o
                0x20001b30                spin_locks_reset
 .text.runtime_init_per_core_irq_priorities
                0x20001b4c       0x24 CMakeFiles/sdc41.dir/home/henrik/sdk/pico-sdk/src/rp2_common/hardware_irq/irq.c.o
                0x20001b4c                runtime_init_per_core_irq_priorities
 .text.irq_set_enabled
                0x20001b70       0x24 CMakeFiles/sdc41.dir/home/henrik/sdk/pico-sdk/src/rp2_common/hardware_irq/irq.c.o
                0x20001b70                irq_set_enabled
 .text.irq_set_exclusive_handler
                0x20001b94       0x54 CMakeFiles/sdc41.dir/home/henrik/sdk/pico-sdk/src/rp2_common/hardware_irq/irq.c.o
                0x20001b94                irq_set_exclusive_handler
 .text.lock_init
                0x20001be8       0x10 CMakeFiles/sdc41.dir/home/henrik/sdk/pico-sdk/src/common/pico_sync/lock_core.c.o
                0x20001be8                lock_init
 .text.runtime_init_mutex
                0x20001bf8       0x50 CMakeFiles/sdc41.dir/home/henrik/sdk/pico-sdk/src/common/pico_sync/mutex.c.o
                0x20001bf8                runtime_init_mutex
 .text.sleep_until_callback
                0x20001c48       0x30 CMakeFiles/sdc41.dir/home/henrik/sdk/pico-sdk/src/common/pico_time/time.c.o
 .text.alarm_pool_irq_handler
                0x20001c78      0x2fc CMakeFiles/sdc41.dir/home/henrik/sdk/pico-sdk/src/common/pico_time/time.c.o
 .text.runtime_init_default_alarm_pool
                0x20001f74       0xdc CMakeFiles/sdc41.dir/home/henrik/sdk/pico-sdk/src/common/pico_time/time.c.o
                0x20001f74                runtime_init_default_alarm_pool
 .text.alarm_pool_add_alarm_at_force_in_context
                0x20002050       0xb0 CMakeFiles/sdc41.dir/home/henrik/sdk/pico-sdk/src/common/pico_time/time.c.o
                0x20002050                alarm_pool_add_alarm_at_force_in_context
 .text.alarm_pool_cancel_alarm
                0x20002100       0x74 CMakeFiles/sdc41.dir/home/henrik/sdk/pico-sdk/src/common/pico_time/time.c.o
                0x20002100                alarm_pool_cancel_alarm
 .text.sleep_until
                0x20002174       0xd8 CMakeFiles/sdc41.dir/home/henrik/sdk/pico-sdk/src/common/pico_time/time.c.o
                0x20002174                sleep_until
 .text.sleep_ms
                0x2000224c       0x38 CMakeFiles/sdc41.dir/home/henrik/sdk/pico-sdk/src/common/pico_time/time.c.o
                0x2000224c                sleep_ms
 .text.best_effort_wfe_or_timeout
                0x20002284      0x118 CMakeFiles/sdc41.dir/home/henrik/sdk/pico-sdk/src/common/pico_time/time.c.o
                0x20002284                best_effort_wfe_or_timeout
 .text.timer_hardware_alarm_claim
                0x2000239c       0x14 CMakeFiles/sdc41.dir/home/henrik/sdk/pico-sdk/src/rp2_common/hardware_timer/timer.c.o
                0x2000239c                timer_hardware_alarm_claim
 .text.timer_time_us_64
                0x200023b0       0x10 CMakeFiles/sdc41.dir/home/henrik/sdk/pico-sdk/src/rp2_common/hardware_timer/timer.c.o
                0x200023b0                timer_time_us_64
 .text.time_us_64
                0x200023c0       0x14 CMakeFiles/sdc41.dir/home/henrik/sdk/pico-sdk/src/rp2_common/hardware_timer/timer.c.o
                0x200023c0                time_us_64
 .text.busy_wait_us
                0x200023d4       0x68 CMakeFiles/sdc41.dir/home/henrik/sdk/pico-sdk/src/rp2_common/hardware_timer/timer.c.o
                0x200023d4                busy_wait_us
 .text.busy_wait_until
                0x2000243c       0x20 CMakeFiles/sdc41.dir/home/henrik/sdk/pico-sdk/src/rp2_common/hardware_timer/timer.c.o
                0x2000243c                busy_wait_until
 .text.uart_init
                0x2000245c      0x120 CMakeFiles/sdc41.dir/home/henrik/sdk/pico-sdk/src/rp2_common/hardware_uart/uart.c.o
                0x2000245c                uart_init
 .text.uart_set_format
                0x2000257c       0x78 CMakeFiles/sdc41.dir/home/henrik/sdk/pico-sdk/src/rp2_common/hardware_uart/uart.c.o
                0x2000257c                uart_set_format
 .text.uart_set_fifo_enabled
                0x200025f4       0x5c CMakeFiles/sdc41.dir/home/henrik/sdk/pico-sdk/src/rp2_common/hardware_uart/uart.c.o
                0x200025f4                uart_set_fifo_enabled
 .text.clock_configure_int_divider
                0x20002650       0xf4 CMakeFiles/sdc41.dir/home/henrik/sdk/pico-sdk/src/rp2_common/hardware_clocks/clocks.c.o
                0x20002650                clock_configure_int_divider
 .text.clock_configure_undivided
                0x20002744       0xe8 CMakeFiles/sdc41.dir/home/henrik/sdk/pico-sdk/src/rp2_common/hardware_clocks/clocks.c.o
                0x20002744                clock_configure_undivided
 .text.clock_get_hz
                0x2000282c        0xc CMakeFiles/sdc41.dir/home/henrik/sdk/pico-sdk/src/rp2_common/hardware_clocks/clocks.c.o
                0x2000282c                clock_get_hz
 .text.pll_init
                0x20002838       0xa4 CMakeFiles/sdc41.dir/home/henrik/sdk/pico-sdk/src/rp2_common/hardware_pll/pll.c.o
                0x20002838                pll_init
 .text.tick_start
                0x200028dc       0x10 CMakeFiles/sdc41.dir/home/henrik/sdk/pico-sdk/src/rp2_common/hardware_ticks/ticks.c.o
                0x200028dc                tick_start
 .text.rom_func_lookup
                0x200028ec       0x10 CMakeFiles/sdc41.dir/home/henrik/sdk/pico-sdk/src/rp2_common/pico_bootrom/bootrom.c.o
                0x200028ec                rom_func_lookup
 .text.rom_data_lookup
                0x200028fc       0x10 CMakeFiles/sdc41.dir/home/henrik/sdk/pico-sdk/src/rp2_common/pico_bootrom/bootrom.c.o
                0x200028fc                rom_data_lookup
 .text.rom_funcs_lookup
                0x2000290c       0x44 CMakeFiles/sdc41.dir/home/henrik/sdk/pico-sdk/src/rp2_common/pico_bootrom/bootrom.c.o
                0x2000290c                rom_funcs_lookup
 .text.xosc_init
                0x20002950       0x28 CMakeFiles/sdc41.dir/home/henrik/sdk/pico-sdk/src/rp2_common/hardware_xosc/xosc.c.o
                0x20002950                xosc_init
 .text.first_per_core_initializer
                0x20002978        0x4 CMakeFiles/sdc41.dir/home/henrik/sdk/pico-sdk/src/rp2_common/pico_runtime/runtime.c.o
 .text.hard_assertion_failure
                0x2000297c        0xc CMakeFiles/sdc41.dir/home/henrik/sdk/pico-sdk/src/rp2_common/pico_runtime/runtime.c.o
                0x2000297c                hard_assertion_failure
 .text.runtime_run_initializers
                0x20002988       0x28 CMakeFiles/sdc41.dir/home/henrik/sdk/pico-sdk/src/rp2_common/pico_runtime/runtime.c.o
                0x20002988                runtime_run_initializers
 .text.runtime_init_early_resets
                0x200029b0       0x2c CMakeFiles/sdc41.dir/home/henrik/sdk/pico-sdk/src/rp2_common/pico_runtime_init/runtime_init.c.o
                0x200029b0                runtime_init_early_resets
 .text.runtime_init_usb_power_down
                0x200029dc       0x1c CMakeFiles/sdc41.dir/home/henrik/sdk/pico-sdk/src/rp2_common/pico_runtime_init/runtime_init.c.o
                0x200029dc                runtime_init_usb_power_down
 .text.runtime_init_post_clock_resets
                0x200029f8       0x20 CMakeFiles/sdc41.dir/home/henrik/sdk/pico-sdk/src/rp2_common/pico_runtime_init/runtime_init.c.o
                0x200029f8                runtime_init_post_clock_resets
 .text.runtime_init_rp2040_gpio_ie_disable
                0x20002a18       0x14 CMakeFiles/sdc41.dir/home/henrik/sdk/pico-sdk/src/rp2_common/pico_runtime_init/runtime_init.c.o
                0x20002a18                runtime_init_rp2040_gpio_ie_disable
 .text.runtime_init_spin_locks_reset
                0x20002a2c        0x8 CMakeFiles/sdc41.dir/home/henrik/sdk/pico-sdk/src/rp2_common/pico_runtime_init/runtime_init.c.o
                0x20002a2c                runtime_init_spin_locks_reset
 .text.runtime_init_install_ram_vector_table
                0x20002a34       0xb4 CMakeFiles/sdc41.dir/home/henrik/sdk/pico-sdk/src/rp2_common/pico_runtime_init/runtime_init.c.o
                0x20002a34                runtime_init_install_ram_vector_table
 .text.runtime_init_clocks
                0x20002ae8       0xd8 CMakeFiles/sdc41.dir/home/henrik/sdk/pico-sdk/src/rp2_common/pico_runtime_init/runtime_init_clocks.c.o
                0x20002ae8                runtime_init_clocks
 .text          0x20002bc0       0x10 CMakeFiles/sdc41.dir/home/henrik/sdk/pico-sdk/src/rp2_common/pico_bit_ops/bit_ops_aeabi.S.o
 .text.__wrap___aeabi_idiv
                0x20002bd0       0x50 CMakeFiles/sdc41.dir/home/henrik/sdk/pico-sdk/src/rp2_common/pico_divider/divider_hardware.S.o
                0x20002bd0                __wrap___aeabi_idivmod
                0x20002bd0                divmod_s32s32
                0x20002bd0                div_s32s32
                0x20002bd0                __wrap___aeabi_idiv
                0x20002c04                divmod_s32s32_savestate
 .text.__wrap___aeabi_uidiv
                0x20002c20       0x4c CMakeFiles/sdc41.dir/home/henrik/sdk/pico-sdk/src/rp2_common/pico_divider/divider_hardware.S.o
                0x20002c20                __wrap___aeabi_uidiv
                0x20002c20                __wrap___aeabi_uidivmod
                0x20002c20                div_u32u32
                0x20002c20                divmod_u32u32
                0x20002c50                divmod_u32u32_savestate
 .text.__wrap___aeabi_ldiv
                0x20002c6c      0x424 CMakeFiles/sdc41.dir/home/henrik/sdk/pico-sdk/src/rp2_common/pico_divider/divider_hardware.S.o
                0x20002c6c                div_s64s64
                0x20002c6c                divmod_s64s64
                0x20002c6c                __wrap___aeabi_ldivmod
                0x20002c9c                div_u64u64
                0x20002c9c                divmod_u64u64
                0x20002c9c                __wrap___aeabi_uldivmod
                0x20002cac                divmod_u64u64_savestate
                0x20002ccc                divmod_s64s64_unsafe
                0x20002d54                divmod_u64u64_unsafe
 .text.__wrap___aeabi_darithmetic
                0x20003090       0x80 CMakeFiles/sdc41.dir/home/henrik/sdk/pico-sdk/src/rp2_common/pico_double/double_aeabi_rp2040.S.o
                0x20003090                __wrap___aeabi_drsub
                0x20003096                __wrap___aeabi_dsub
                0x200030a8                __wrap___aeabi_dadd
                0x200030ba                __wrap___aeabi_ddiv
                0x200030f6                __wrap___aeabi_dmul
 .text.__wrap___aeabi_cdcmple
                0x20003110       0x6c CMakeFiles/sdc41.dir/home/henrik/sdk/pico-sdk/src/rp2_common/pico_double/double_aeabi_rp2040.S.o
                0x20003110                __wrap___aeabi_cdrcmple
                0x20003120                __wrap___aeabi_cdcmple
                0x20003120                __wrap___aeabi_cdcmpeq
 .text.__wrap___aeabi_dcmpeq
                0x2000317c       0x10 CMakeFiles/sdc41.dir/home/henrik/sdk/pico-sdk/src/rp2_common/pico_double/double_aeabi_rp2040.S.o
                0x2000317c                __wrap___aeabi_dcmpeq
 .text.__wrap___aeabi_dcmplt
                0x2000318c        0xc CMakeFiles/sdc41.dir/home/henrik/sdk/pico-sdk/src/rp2_common/pico_double/double_aeabi_rp2040.S.o
                0x2000318c                __wrap___aeabi_dcmplt
 .text.__wrap___aeabi_dcmple
                0x20003198       0x10 CMakeFiles/sdc41.dir/home/henrik/sdk/pico-sdk/src/rp2_common/pico_double/double_aeabi_rp2040.S.o
                0x20003198                __wrap___aeabi_dcmple
 .text.__wrap___aeabi_dcmpge
                0x200031a8       0x10 CMakeFiles/sdc41.dir/home/henrik/sdk/pico-sdk/src/rp2_common/pico_double/double_aeabi_rp2040.S.o
                0x200031a8                __wrap___aeabi_dcmpge
 .text.__wrap___aeabi_dcmpgt
                0x200031b8        0xa CMakeFiles/sdc41.dir/home/henrik/sdk/pico-sdk/src/rp2_common/pico_double/double_aeabi_rp2040.S.o
                0x200031b8                __wrap___aeabi_dcmpgt
 .text.__wrap___aeabi_dcmpun
                0x200031c2       0x18 CMakeFiles/sdc41.dir/home/henrik/sdk/pico-sdk/src/rp2_common/pico_double/double_aeabi_rp2040.S.o
                0x200031c2                __wrap___aeabi_dcmpun
 *fill*         0x200031da        0x2 
 .text.__wrap___aeabi_i2d
                0x200031dc       0x38 CMakeFiles/sdc41.dir/home/henrik/sdk/pico-sdk/src/rp2_common/pico_double/double_aeabi_rp2040.S.o
                0x200031dc                __wrap___aeabi_ui2d
                0x200031dc                uint2double
                0x200031e4                __wrap___aeabi_i2d
                0x200031e4                int2double
 .text.__wrap___aeabi_d2iz
                0x20003214       0x48 CMakeFiles/sdc41.dir/home/henrik/sdk/pico-sdk/src/rp2_common/pico_double/double_aeabi_rp2040.S.o
                0x20003214                __wrap___aeabi_d2iz
                0x20003214                double2int_z
 .text.__wrap___aeabi_d2uiz
                0x2000325c       0x18 CMakeFiles/sdc41.dir/home/henrik/sdk/pico-sdk/src/rp2_common/pico_double/double_aeabi_rp2040.S.o
                0x2000325c                double2uint_z
                0x2000325c                double2uint
                0x2000325c                __wrap___aeabi_d2uiz
 .text.__wrap___aeabi_l2d
                0x20003274       0x18 CMakeFiles/sdc41.dir/home/henrik/sdk/pico-sdk/src/rp2_common/pico_double/double_aeabi_rp2040.S.o
                0x20003274                __wrap___aeabi_l2d
                0x20003274                int642double
 .text.__wrap___aeabi_d2lz
                0x2000328c       0x26 CMakeFiles/sdc41.dir/home/henrik/sdk/pico-sdk/src/rp2_common/pico_double/double_aeabi_rp2040.S.o
                0x2000328c                __wrap___aeabi_d2lz
                0x2000328c                double2int64_z
 *fill*         0x200032b2        0x2 
 .text.double2int64
                0x200032b4       0x18 CMakeFiles/sdc41.dir/home/henrik/sdk/pico-sdk/src/rp2_common/pico_double/double_aeabi_rp2040.S.o
                0x200032b4                double2int64
 .text.double2ufix64
                0x200032cc       0x18 CMakeFiles/sdc41.dir/home/henrik/sdk/pico-sdk/src/rp2_common/pico_double/double_aeabi_rp2040.S.o
                0x200032cc                double2ufix64
                0x200032cc                double2ufix64_z
 .text.__wrap___aeabi_d2f
                0x200032e4       0x18 CMakeFiles/sdc41.dir/home/henrik/sdk/pico-sdk/src/rp2_common/pico_double/double_aeabi_rp2040.S.o
                0x200032e4                __wrap___aeabi_d2f
 .text.__aeabi_double_init
                0x200032fc       0xa4 CMakeFiles/sdc41.dir/home/henrik/sdk/pico-sdk/src/rp2_common/pico_double/double_init_rom_rp2040.c.o
                0x200032fc                __aeabi_double_init
 .text.double_table_shim_on_use_helper
                0x200033a0       0x2c CMakeFiles/sdc41.dir/home/henrik/sdk/pico-sdk/src/rp2_common/pico_double/double_v1_rom_shim_rp2040.S.o
                0x200033a0                double_table_shim_on_use_helper
 .text.__wrap___aeabi_dsub
                0x200033cc       0x10 CMakeFiles/sdc41.dir/home/henrik/sdk/pico-sdk/src/rp2_common/pico_double/double_v1_rom_shim_rp2040.S.o
                0x200033cc                drsub_shim
                0x200033d2                dsub_shim
 .text.dadd_shim
                0x200033dc      0x15c CMakeFiles/sdc41.dir/home/henrik/sdk/pico-sdk/src/rp2_common/pico_double/double_v1_rom_shim_rp2040.S.o
                0x200033dc                dadd_shim
 .text.dmul_shim
                0x20003538      0x15c CMakeFiles/sdc41.dir/home/henrik/sdk/pico-sdk/src/rp2_common/pico_double/double_v1_rom_shim_rp2040.S.o
                0x20003538                dmul_shim
 .text.ddiv_shim
                0x20003694      0x1b0 CMakeFiles/sdc41.dir/home/henrik/sdk/pico-sdk/src/rp2_common/pico_double/double_v1_rom_shim_rp2040.S.o
                0x20003694                ddiv_shim
 .text.double2uint_shim
                0x20003844        0xe CMakeFiles/sdc41.dir/home/henrik/sdk/pico-sdk/src/rp2_common/pico_double/double_v1_rom_shim_rp2040.S.o
                0x20003844                double2uint_shim
                0x20003846                double2ufix_shim
 .text.double2int64_shim
                0x20003852       0x1a CMakeFiles/sdc41.dir/home/henrik/sdk/pico-sdk/src/rp2_common/pico_double/double_v1_rom_shim_rp2040.S.o
                0x20003852                double2int64_shim
                0x20003854                double2fix64_shim
 .text.double2uint64_shim
                0x2000386c       0x70 CMakeFiles/sdc41.dir/home/henrik/sdk/pico-sdk/src/rp2_common/pico_double/double_v1_rom_shim_rp2040.S.o
                0x2000386c                double2uint64_shim
                0x2000386e                double2ufix64_shim
                0x2000388e                d2fix_a
 .text.double2float_shim
                0x200038dc       0x5c CMakeFiles/sdc41.dir/home/henrik/sdk/pico-sdk/src/rp2_common/pico_double/double_v1_rom_shim_rp2040.S.o
                0x200038dc                double2float_shim
 .text.x2double_shims
                0x20003938       0x90 CMakeFiles/sdc41.dir/home/henrik/sdk/pico-sdk/src/rp2_common/pico_double/double_v1_rom_shim_rp2040.S.o
                0x20003938                uint2double_shim
                0x2000393a                ufix2double_shim
                0x20003940                int2double_shim
                0x20003942                fix2double_shim
                0x20003948                uint642double_shim
                0x2000394a                ufix642double_shim
                0x20003950                int642double_shim
                0x20003952                fix642double_shim
 .text.dunpacks
                0x200039c8       0x3c CMakeFiles/sdc41.dir/home/henrik/sdk/pico-sdk/src/rp2_common/pico_double/double_v1_rom_shim_rp2040.S.o
                0x200039c8                dunpacks
 .text.__aeabi_lmul
                0x20003a04       0x32 CMakeFiles/sdc41.dir/home/henrik/sdk/pico-sdk/src/rp2_common/pico_int64_ops/pico_int64_ops_aeabi.S.o
                0x20003a04                __wrap___aeabi_lmul
 *fill*         0x20003a36        0x2 
 .text.__wrap___aeabi_cfcmple
                0x20003a38       0x50 CMakeFiles/sdc41.dir/home/henrik/sdk/pico-sdk/src/rp2_common/pico_float/float_aeabi_rp2040.S.o
                0x20003a38                __wrap___aeabi_cfrcmple
                0x20003a44                __wrap___aeabi_cfcmpeq
                0x20003a44                __wrap___aeabi_cfcmple
 .text.__wrap___aeabi_fcmple
                0x20003a88       0x10 CMakeFiles/sdc41.dir/home/henrik/sdk/pico-sdk/src/rp2_common/pico_float/float_aeabi_rp2040.S.o
                0x20003a88                __wrap___aeabi_fcmple
 .text.__wrap___aeabi_fcmpun
                0x20003a98       0x18 CMakeFiles/sdc41.dir/home/henrik/sdk/pico-sdk/src/rp2_common/pico_float/float_aeabi_rp2040.S.o
                0x20003a98                __wrap___aeabi_fcmpun
 .text.__aeabi_float_init
                0x20003ab0       0x64 CMakeFiles/sdc41.dir/home/henrik/sdk/pico-sdk/src/rp2_common/pico_float/float_init_rom_rp2040.c.o
                0x20003ab0                __aeabi_float_init
 .text.float_table_shim_on_use_helper
                0x20003b14       0x2c CMakeFiles/sdc41.dir/home/henrik/sdk/pico-sdk/src/rp2_common/pico_float/float_v1_rom_shim_rp2040.S.o
                0x20003b14                float_table_shim_on_use_helper
 .text          0x20003b40       0x10 CMakeFiles/sdc41.dir/home/henrik/sdk/pico-sdk/src/rp2_common/pico_mem_ops/mem_ops_aeabi.S.o
                0x20003b40                __aeabi_mem_init
 .text.memset   0x20003b50        0xc CMakeFiles/sdc41.dir/home/henrik/sdk/pico-sdk/src/rp2_common/pico_mem_ops/mem_ops_aeabi.S.o
                0x20003b50                __wrap_memset
 .text.memcpy   0x20003b5c        0xc CMakeFiles/sdc41.dir/home/henrik/sdk/pico-sdk/src/rp2_common/pico_mem_ops/mem_ops_aeabi.S.o
                0x20003b5c                __wrap___aeabi_memcpy
                0x20003b5c                __wrap_memcpy
 .text._out_buffer
                0x20003b68        0x8 CMakeFiles/sdc41.dir/home/henrik/sdk/pico-sdk/src/rp2_common/pico_printf/printf.c.o
 .text._out_null
                0x20003b70        0x4 CMakeFiles/sdc41.dir/home/henrik/sdk/pico-sdk/src/rp2_common/pico_printf/printf.c.o
 .text._out_rev
                0x20003b74       0xac CMakeFiles/sdc41.dir/home/henrik/sdk/pico-sdk/src/rp2_common/pico_printf/printf.c.o
 .text._ntoa_format
                0x20003c20      0x250 CMakeFiles/sdc41.dir/home/henrik/sdk/pico-sdk/src/rp2_common/pico_printf/printf.c.o
 .text._out_char
                0x20003e70       0x10 CMakeFiles/sdc41.dir/home/henrik/sdk/pico-sdk/src/rp2_common/pico_printf/printf.c.o
 .text._etoa    0x20003e80      0x464 CMakeFiles/sdc41.dir/home/henrik/sdk/pico-sdk/src/rp2_common/pico_printf/printf.c.o
 .text._ftoa    0x200042e4      0x3c0 CMakeFiles/sdc41.dir/home/henrik/sdk/pico-sdk/src/rp2_common/pico_printf/printf.c.o
 .text._vsnprintf
                0x200046a4      0xbc8 CMakeFiles/sdc41.dir/home/henrik/sdk/pico-sdk/src/rp2_common/pico_printf/printf.c.o
 .text.__wrap_vsnprintf
                0x2000526c       0x1c CMakeFiles/sdc41.dir/home/henrik/sdk/pico-sdk/src/rp2_common/pico_printf/printf.c.o
                0x2000526c                __wrap_vsnprintf
 .text.weak_raw_printf
                0x20005288       0x40 CMakeFiles/sdc41.dir/home/henrik/sdk/pico-sdk/src/rp2_common/pico_printf/printf.c.o
                0x20005288                weak_raw_printf
 .text.weak_raw_vprintf
                0x200052c8       0x30 CMakeFiles/sdc41.dir/home/henrik/sdk/pico-sdk/src/rp2_common/pico_printf/printf.c.o
                0x200052c8                weak_raw_vprintf
 .text._exit    0x200052f8        0x4 CMakeFiles/sdc41.dir/home/henrik/sdk/pico-sdk/src/rp2_common/pico_clib_interface/newlib_interface.c.o
                0x200052f8                _exit
 .text._fini    0x200052fc        0x4 CMakeFiles/sdc41.dir/home/henrik/sdk/pico-sdk/src/rp2_common/pico_clib_interface/newlib_interface.c.o
                0x200052fc                _fini
 .text._sbrk    0x20005300       0x34 CMakeFiles/sdc41.dir/home/henrik/sdk/pico-sdk/src/rp2_common/pico_clib_interface/newlib_interface.c.o
                0x20005300                _sbrk
 .text.exit     0x20005334        0x8 CMakeFiles/sdc41.dir/home/henrik/sdk/pico-sdk/src/rp2_common/pico_clib_interface/newlib_interface.c.o
                0x20005334                exit
 .text.__assert_func
                0x2000533c       0x38 CMakeFiles/sdc41.dir/home/henrik/sdk/pico-sdk/src/rp2_common/pico_clib_interface/newlib_interface.c.o
                0x2000533c                __assert_func
 .text.runtime_init
                0x20005374       0x2c CMakeFiles/sdc41.dir/home/henrik/sdk/pico-sdk/src/rp2_common/pico_clib_interface/newlib_interface.c.o
                0x20005374                runtime_init
 .text.stdio_out_chars_no_crlf
                0x200053a0       0x10 CMakeFiles/sdc41.dir/home/henrik/sdk/pico-sdk/src/rp2_common/pico_stdio/stdio.c.o
 .text.stdio_out_chars_crlf
                0x200053b0       0x94 CMakeFiles/sdc41.dir/home/henrik/sdk/pico-sdk/src/rp2_common/pico_stdio/stdio.c.o
 .text.stdio_put_string
                0x20005444      0x100 CMakeFiles/sdc41.dir/home/henrik/sdk/pico-sdk/src/rp2_common/pico_stdio/stdio.c.o
                0x20005444                stdio_put_string
 .text.__wrap_putchar
                0x20005544       0x98 CMakeFiles/sdc41.dir/home/henrik/sdk/pico-sdk/src/rp2_common/pico_stdio/stdio.c.o
                0x20005544                stdio_putchar
                0x20005544                __wrap_putchar
 .text.__wrap_puts
                0x200055dc       0x3c CMakeFiles/sdc41.dir/home/henrik/sdk/pico-sdk/src/rp2_common/pico_stdio/stdio.c.o
                0x200055dc                __wrap_puts
                0x200055dc                stdio_puts
 .text.i2c_read_blocking_internal.constprop.0
                0x20005618       0x98 CMakeFiles/sdc41.dir/home/henrik/sdk/pico-sdk/src/rp2_common/hardware_i2c/i2c.c.o
 .text.i2c_write_blocking_internal.constprop.0
                0x200056b0       0xd0 CMakeFiles/sdc41.dir/home/henrik/sdk/pico-sdk/src/rp2_common/hardware_i2c/i2c.c.o
 .text.i2c_set_baudrate
                0x20005780       0xc0 CMakeFiles/sdc41.dir/home/henrik/sdk/pico-sdk/src/rp2_common/hardware_i2c/i2c.c.o
                0x20005780                i2c_set_baudrate
 .text.i2c_init
                0x20005840       0x54 CMakeFiles/sdc41.dir/home/henrik/sdk/pico-sdk/src/rp2_common/hardware_i2c/i2c.c.o
                0x20005840                i2c_init
 .text.i2c_write_blocking
                0x20005894       0x14 CMakeFiles/sdc41.dir/home/henrik/sdk/pico-sdk/src/rp2_common/hardware_i2c/i2c.c.o
                0x20005894                i2c_write_blocking
 .text.i2c_read_blocking
                0x200058a8       0x14 CMakeFiles/sdc41.dir/home/henrik/sdk/pico-sdk/src/rp2_common/hardware_i2c/i2c.c.o
                0x200058a8                i2c_read_blocking
 .text          0x200058bc        0x4 /usr/lib/gcc/arm-none-eabi/13.2.1/thumb/v6-m/nofp/libgcc.a(_dvmd_tls.o)
                0x200058bc                __aeabi_ldiv0
                0x200058bc                __aeabi_idiv0
 .text          0x200058c0     0x10b8 /usr/lib/gcc/arm-none-eabi/13.2.1/../../../arm-none-eabi/lib/thumb/v6-m/nofp/libg.a(libc_a-strtod.o)
                0x200058f0                _strtod_l
                0x200067a8                _strtod_r
                0x200067b8                strtod_l
                0x200067d0                strtod
                0x200067ec                strtof_l
                0x200068a4                strtof
 .text          0x20006978       0x88 /usr/lib/gcc/arm-none-eabi/13.2.1/../../../arm-none-eabi/lib/thumb/v6-m/nofp/libg.a(libc_a-strcmp.o)
                0x20006978                strcmp
 .text          0x20006a00      0x658 /usr/lib/gcc/arm-none-eabi/13.2.1/../../../arm-none-eabi/lib/thumb/v6-m/nofp/libg.a(libc_a-gdtoa-gethex.o)
                0x20006ab0                __gethex
 .text          0x20007058       0x44 /usr/lib/gcc/arm-none-eabi/13.2.1/../../../arm-none-eabi/lib/thumb/v6-m/nofp/libg.a(libc_a-mbtowc_r.o)
                0x20007058                _mbtowc_r
                0x20007070                __ascii_mbtowc
 .text          0x2000709c       0x74 /usr/lib/gcc/arm-none-eabi/13.2.1/../../../arm-none-eabi/lib/thumb/v6-m/nofp/libg.a(libc_a-strncmp.o)
                0x2000709c                strncmp
 .text          0x20007110        0xc /usr/lib/gcc/arm-none-eabi/13.2.1/../../../arm-none-eabi/lib/thumb/v6-m/nofp/libg.a(libc_a-errno.o)
                0x20007110                __errno
 .text          0x2000711c       0xa8 /usr/lib/gcc/arm-none-eabi/13.2.1/../../../arm-none-eabi/lib/thumb/v6-m/nofp/libg.a(libc_a-callocr.o)
                0x2000711c                _calloc_r
 .text          0x200071c4      0x5b4 /usr/lib/gcc/arm-none-eabi/13.2.1/../../../arm-none-eabi/lib/thumb/v6-m/nofp/libg.a(libc_a-mallocr.o)
                0x200071c4                _malloc_r
 .text          0x20007778      0x288 /usr/lib/gcc/arm-none-eabi/13.2.1/../../../arm-none-eabi/lib/thumb/v6-m/nofp/libg.a(libc_a-freer.o)
                0x20007778                _malloc_trim_r
                0x2000782c                _free_r
 .text          0x20007a00      0x190 /usr/lib/gcc/arm-none-eabi/13.2.1/../../../arm-none-eabi/lib/thumb/v6-m/nofp/libg.a(libc_a-strtol.o)
                0x20007b58                _strtol_r
                0x20007b60                strtol_l
                0x20007b78                strtol
 .text          0x20007b90       0x2c /usr/lib/gcc/arm-none-eabi/13.2.1/../../../arm-none-eabi/lib/thumb/v6-m/nofp/libg.a(libc_a-wctomb_r.o)
                0x20007b90                _wctomb_r
                0x20007ba0                __ascii_wctomb
 .text          0x20007bbc       0x1c /usr/lib/gcc/arm-none-eabi/13.2.1/../../../arm-none-eabi/lib/thumb/v6-m/nofp/libg.a(libc_a-sysconf.o)
                0x20007bbc                sysconf
 .text          0x20007bd8        0x8 /usr/lib/gcc/arm-none-eabi/13.2.1/../../../arm-none-eabi/lib/thumb/v6-m/nofp/libg.a(libc_a-mlock.o)
                0x20007bd8                __malloc_lock
                0x20007bdc                __malloc_unlock
 .text          0x20007be0       0x5c /usr/lib/gcc/arm-none-eabi/13.2.1/../../../arm-none-eabi/lib/thumb/v6-m/nofp/libg.a(libc_a-strlen-stub.o)
                0x20007be0                strlen
 .text          0x20007c3c       0x24 /usr/lib/gcc/arm-none-eabi/13.2.1/../../../arm-none-eabi/lib/thumb/v6-m/nofp/libg.a(libc_a-sbrkr.o)
                0x20007c3c                _sbrk_r
 .text          0x20007c60      0x230 /usr/lib/gcc/arm-none-eabi/13.2.1/../../../arm-none-eabi/lib/thumb/v6-m/nofp/libg.a(libc_a-gdtoa-hexnan.o)
                0x20007c60                __match
                0x20007c8c                __hexnan
 .text          0x20007e90        0xc /usr/lib/gcc/arm-none-eabi/13.2.1/../../../arm-none-eabi/lib/thumb/v6-m/nofp/libg.a(libm_a-s_nan.o)
                0x20007e90                nan
 .text          0x20007e9c        0x8 /usr/lib/gcc/arm-none-eabi/13.2.1/../../../arm-none-eabi/lib/thumb/v6-m/nofp/libg.a(libm_a-sf_nan.o)
                0x20007e9c                nanf
 .text          0x20007ea4      0xb18 /usr/lib/gcc/arm-none-eabi/13.2.1/../../../arm-none-eabi/lib/thumb/v6-m/nofp/libg.a(libc_a-mprec.o)
                0x20007ea4                _Balloc
                0x20007ef4                _Bfree
                0x20007f08                __multadd
                0x20007fb0                __s2b
                0x20008060                __hi0bits
                0x200080ac                __lo0bits
                0x20008108                __i2b
                0x20008168                __multiply
                0x20008314                __pow5mult
                0x200083e4                __lshift
                0x200084e0                __mcmp
                0x2000851c                __mdiff
                0x200086d0                __ulp
                0x20008710                __b2d
                0x200087c8                __d2b
                0x20008894                __ratio
                0x200088fc                _mprec_log10
                0x20008930                __copybits
                0x20008970                __any_on
 *(.fini)
 *crtbegin.o(.ctors)
 *crtbegin?.o(.ctors)
 *(EXCLUDE_FILE(*crtend.o *crtend?.o) .ctors)
 *(SORT_BY_NAME(.ctors.*))
 *(.ctors)
 *crtbegin.o(.dtors)
 *crtbegin?.o(.dtors)
 *(EXCLUDE_FILE(*crtend.o *crtend?.o) .dtors)
 *(SORT_BY_NAME(.dtors.*))
 *(.dtors)
 *(.eh_frame*)
                0x200089bc                        . = ALIGN (0x4)
                0x200089bc                        __ram_text_end__ = .
                0x100002a8                        __ram_text_source__ = LOADADDR (.text)

.glue_7         0x200089bc        0x0 load address 0x10008ba4
 .glue_7        0x200089bc        0x0 linker stubs

.glue_7t        0x200089bc        0x0 load address 0x10008ba4
 .glue_7t       0x200089bc        0x0 linker stubs

.vfp11_veneer   0x200089bc        0x0 load address 0x10008ba4
 .vfp11_veneer  0x200089bc        0x0 linker stubs

.v4_bx          0x200089bc        0x0 load address 0x10008ba4
 .v4_bx         0x200089bc        0x0 linker stubs

.iplt           0x200089bc        0x0 load address 0x10008ba4
 .iplt          0x200089bc        0x0 CMakeFiles/sdc41.dir/src/main.c.o
                0x200089bc                        . = ALIGN (0x4)

.xip_ram        0x15000000        0x0 load address 0x10008ba4
                0x15000000                        __xip_ram_start__ = .
                0x15000000                        . = ALIGN (0x4)
 *(.xip_ram*)
                0x15000000                        . = ALIGN (0x4)
                0x15000000                        __xip_ram_end__ = .
                0x10008ba4                        __xip_ram_source__ = LOADADDR (.xip_ram)

.data           0x200089c0     0x1fcc load address 0x10008ba4
                0x200089c0                        __data_start__ = .
 *(vtable)
 *(.time_critical*)
 .time_critical.mutex_try_enter
                0x200089c0       0x40 CMakeFiles/sdc41.dir/home/henrik/sdk/pico-sdk/src/common/pico_sync/mutex.c.o
                0x200089c0                mutex_try_enter
 .time_critical.mutex_enter_block_until
                0x20008a00       0x74 CMakeFiles/sdc41.dir/home/henrik/sdk/pico-sdk/src/common/pico_sync/mutex.c.o
                0x20008a00                mutex_enter_block_until
 .time_critical.mutex_try_enter_block_until
                0x20008a74       0x34 CMakeFiles/sdc41.dir/home/henrik/sdk/pico-sdk/src/common/pico_sync/mutex.c.o
                0x20008a74                mutex_try_enter_block_until
 .time_critical.mutex_exit
                0x20008aa8       0x28 CMakeFiles/sdc41.dir/home/henrik/sdk/pico-sdk/src/common/pico_sync/mutex.c.o
                0x20008aa8                mutex_exit
                0x20008ad0                        . = ALIGN (0x4)
 *(.rodata*)
 .rodata.main.str1.4
                0x20008ad0      0xe55 CMakeFiles/sdc41.dir/src/main.c.o
                                0x92c (size before relaxing)
 .rodata.str1.4
                0x20009925      0x340 CMakeFiles/sdc41.dir/src/main.c.o
 *fill*         0x20009925        0x3 
 .rodata.details.0
                0x20009928       0x50 CMakeFiles/sdc41.dir/src/main.c.o
 .rodata.help_text
                0x20009978      0x221 CMakeFiles/sdc41.dir/src/main.c.o
 .rodata.sdc41_result_string.str1.4
                0x20009b99       0x15 CMakeFiles/sdc41.dir/src/sdc41.c.o
 .rodata.str1.4
                0x20009b99       0x79 CMakeFiles/sdc41.dir/src/sdc41.c.o
 *fill*         0x20009b99        0x3 
 .rodata.CSWTCH.10
                0x20009b9c       0x14 CMakeFiles/sdc41.dir/src/sdc41.c.o
 .rodata.panic.str1.4
                0x20009bb0       0x11 CMakeFiles/sdc41.dir/home/henrik/sdk/pico-sdk/src/rp2_common/pico_platform_panic/panic.c.o
 .rodata.timer_hardware_alarm_claim.str1.4
                0x20009bb0       0x22 CMakeFiles/sdc41.dir/home/henrik/sdk/pico-sdk/src/rp2_common/hardware_timer/timer.c.o
 .rodata.hard_assertion_failure.str1.4
                0x20009bb0        0xc CMakeFiles/sdc41.dir/home/henrik/sdk/pico-sdk/src/rp2_common/pico_runtime/runtime.c.o
 .rodata.str1.4
                0x20009bb0       0x3c CMakeFiles/sdc41.dir/home/henrik/sdk/pico-sdk/src/rp2_common/pico_standard_binary_info/standard_binary_info.c.o
 .rodata.__bi_84
                0x20009bb0        0xc CMakeFiles/sdc41.dir/home/henrik/sdk/pico-sdk/src/rp2_common/pico_standard_binary_info/standard_binary_info.c.o
 .rodata.__bi_78
                0x20009bbc        0xc CMakeFiles/sdc41.dir/home/henrik/sdk/pico-sdk/src/rp2_common/pico_standard_binary_info/standard_binary_info.c.o
 .rodata.__bi_54
                0x20009bc8        0xc CMakeFiles/sdc41.dir/home/henrik/sdk/pico-sdk/src/rp2_common/pico_standard_binary_info/standard_binary_info.c.o
 .rodata.__bi_48
                0x20009bd4        0xc CMakeFiles/sdc41.dir/home/henrik/sdk/pico-sdk/src/rp2_common/pico_standard_binary_info/standard_binary_info.c.o
 .rodata.__bi_42
                0x20009be0        0xc CMakeFiles/sdc41.dir/home/henrik/sdk/pico-sdk/src/rp2_common/pico_standard_binary_info/standard_binary_info.c.o
 .rodata.__bi_34
                0x20009bec        0xc CMakeFiles/sdc41.dir/home/henrik/sdk/pico-sdk/src/rp2_common/pico_standard_binary_info/standard_binary_info.c.o
 .rodata.__bi_26
                0x20009bf8        0xc CMakeFiles/sdc41.dir/home/henrik/sdk/pico-sdk/src/rp2_common/pico_standard_binary_info/standard_binary_info.c.o
 .rodata._ftoa.str1.4
                0x20009c04       0x15 CMakeFiles/sdc41.dir/home/henrik/sdk/pico-sdk/src/rp2_common/pico_printf/printf.c.o
 .rodata._vsnprintf
                0x20009c04      0x19c CMakeFiles/sdc41.dir/home/henrik/sdk/pico-sdk/src/rp2_common/pico_printf/printf.c.o
 .rodata.pow10.0
                0x20009da0       0x50 CMakeFiles/sdc41.dir/home/henrik/sdk/pico-sdk/src/rp2_common/pico_printf/printf.c.o
 .rodata.__assert_func.str1.4
                0x20009df0       0x43 CMakeFiles/sdc41.dir/home/henrik/sdk/pico-sdk/src/rp2_common/pico_clib_interface/newlib_interface.c.o
 .rodata.crlf_str.0
                0x20009df0        0x2 CMakeFiles/sdc41.dir/home/henrik/sdk/pico-sdk/src/rp2_common/pico_stdio/stdio.c.o
 .rodata.str1.4
                0x20009df2       0x15 /usr/lib/gcc/arm-none-eabi/13.2.1/../../../arm-none-eabi/lib/thumb/v6-m/nofp/libg.a(libc_a-strtod.o)
 *fill*         0x20009df2        0x6 
 .rodata        0x20009df8      0x120 /usr/lib/gcc/arm-none-eabi/13.2.1/../../../arm-none-eabi/lib/thumb/v6-m/nofp/libg.a(libc_a-strtod.o)
 .rodata.str1.4
                0x20009f18       0x12 /usr/lib/gcc/arm-none-eabi/13.2.1/../../../arm-none-eabi/lib/thumb/v6-m/nofp/libg.a(libc_a-locale.o)
 .rodata.str1.4
                0x20009f18       0x4c /usr/lib/gcc/arm-none-eabi/13.2.1/../../../arm-none-eabi/lib/thumb/v6-m/nofp/libg.a(libc_a-gdtoa-gethex.o)
 .rodata        0x20009f18      0x100 /usr/lib/gcc/arm-none-eabi/13.2.1/../../../arm-none-eabi/lib/thumb/v6-m/nofp/libg.a(libc_a-gdtoa-gethex.o)
                0x20009f18                __hexdig
 .rodata        0x2000a018      0x101 /usr/lib/gcc/arm-none-eabi/13.2.1/../../../arm-none-eabi/lib/thumb/v6-m/nofp/libg.a(libc_a-ctype_.o)
                0x2000a018                _ctype_
 .rodata.str1.4
                0x2000a119       0x41 /usr/lib/gcc/arm-none-eabi/13.2.1/../../../arm-none-eabi/lib/thumb/v6-m/nofp/libg.a(libc_a-mprec.o)
 *fill*         0x2000a119        0x7 
 .rodata        0x2000a120      0x128 /usr/lib/gcc/arm-none-eabi/13.2.1/../../../arm-none-eabi/lib/thumb/v6-m/nofp/libg.a(libc_a-mprec.o)
                0x2000a130                __mprec_tinytens
                0x2000a158                __mprec_bigtens
                0x2000a180                __mprec_tens
 *(.srodata*)
                0x2000a248                        . = ALIGN (0x4)
 *(.data*)
 .data.striped_spin_lock_num
                0x2000a248        0x1 CMakeFiles/sdc41.dir/home/henrik/sdk/pico-sdk/src/rp2_common/hardware_sync/sync.c.o
 *fill*         0x2000a249        0x7 
 .data.last_added.0
                0x2000a250        0x8 CMakeFiles/sdc41.dir/home/henrik/sdk/pico-sdk/src/common/pico_time/time.c.o
 .data.default_alarm_pool
                0x2000a258       0x18 CMakeFiles/sdc41.dir/home/henrik/sdk/pico-sdk/src/common/pico_time/time.c.o
 .data.aeabi_bits_funcs
                0x2000a270       0x10 CMakeFiles/sdc41.dir/home/henrik/sdk/pico-sdk/src/rp2_common/pico_bit_ops/bit_ops_aeabi.S.o
                0x2000a270                aeabi_bits_funcs
                0x2000a280                aeabi_bits_funcs_end
 .data.aeabi_mem_funcs
                0x2000a280       0x10 CMakeFiles/sdc41.dir/home/henrik/sdk/pico-sdk/src/rp2_common/pico_mem_ops/mem_ops_aeabi.S.o
                0x2000a280                aeabi_mem_funcs
                0x2000a290                aeabi_mem_funcs_end
 .data.i2c1_inst
                0x2000a290        0x8 CMakeFiles/sdc41.dir/home/henrik/sdk/pico-sdk/src/rp2_common/hardware_i2c/i2c.c.o
                0x2000a290                i2c1_inst
 .data.i2c0_inst
                0x2000a298        0x8 CMakeFiles/sdc41.dir/home/henrik/sdk/pico-sdk/src/rp2_common/hardware_i2c/i2c.c.o
                0x2000a298                i2c0_inst
 .data          0x2000a2a0      0x16c /usr/lib/gcc/arm-none-eabi/13.2.1/../../../arm-none-eabi/lib/thumb/v6-m/nofp/libg.a(libc_a-locale.o)
                0x2000a2a0                __global_locale
 *fill*         0x2000a40c        0x4 
 .data          0x2000a410      0x128 /usr/lib/gcc/arm-none-eabi/13.2.1/../../../arm-none-eabi/lib/thumb/v6-m/nofp/libg.a(libc_a-impure.o)
                0x2000a410                _impure_ptr
                0x2000a418                _impure_data
 .data          0x2000a538      0x410 /usr/lib/gcc/arm-none-eabi/13.2.1/../../../arm-none-eabi/lib/thumb/v6-m/nofp/libg.a(libc_a-mallocr.o)
                0x2000a538                __malloc_sbrk_base
                0x2000a53c                __malloc_trim_threshold
                0x2000a540                __malloc_av_
 *(.sdata*)
                0x2000a948                        . = ALIGN (0x4)
                [!provide]                        PROVIDE (__emutls_array_start = .)
 *(.*.__emutls_v.*)
                [!provide]                        PROVIDE (__emutls_array_end = .)
                0x2000a948                        . = ALIGN (0x4)
 *(.after_data.*)
                0x2000a948                        . = ALIGN (0x4)
                0x2000a948                        PROVIDE (__mutex_array_start = .)
 *(SORT_BY_NAME(.mutex_array.*))
 *(.mutex_array)
 .mutex_array   0x2000a948        0x8 CMakeFiles/sdc41.dir/home/henrik/sdk/pico-sdk/src/rp2_common/pico_stdio/stdio.c.o
                0x2000a950                        PROVIDE (__mutex_array_end = .)
                0x2000a950                        . = ALIGN (0x4)
                [!provide]                        PROVIDE (__bothinit_array_start = .)
                0x2000a950                        PROVIDE (__preinit_array_start = .)
 *(SORT_BY_NAME(.preinit_array.*))
 .preinit_array.00100
                0x2000a950        0x4 CMakeFiles/sdc41.dir/home/henrik/sdk/pico-sdk/src/rp2_common/pico_runtime_init/runtime_init.c.o
                0x2000a950                __pre_init_runtime_init_early_resets
 .preinit_array.00101
                0x2000a954        0x4 CMakeFiles/sdc41.dir/home/henrik/sdk/pico-sdk/src/rp2_common/pico_runtime_init/runtime_init.c.o
                0x2000a954                __pre_init_runtime_init_usb_power_down
 .preinit_array.00275
                0x2000a958        0x4 CMakeFiles/sdc41.dir/home/henrik/sdk/pico-sdk/src/rp2_common/pico_bit_ops/bit_ops_aeabi.S.o
 .preinit_array.00300
                0x2000a95c        0x4 CMakeFiles/sdc41.dir/home/henrik/sdk/pico-sdk/src/rp2_common/pico_mem_ops/mem_ops_aeabi.S.o
 .preinit_array.00350
                0x2000a960        0x4 CMakeFiles/sdc41.dir/home/henrik/sdk/pico-sdk/src/rp2_common/pico_double/double_aeabi_rp2040.S.o
 .preinit_array.00350
                0x2000a964        0x4 CMakeFiles/sdc41.dir/home/henrik/sdk/pico-sdk/src/rp2_common/pico_float/float_aeabi_rp2040.S.o
 .preinit_array.00500
                0x2000a968        0x4 CMakeFiles/sdc41.dir/home/henrik/sdk/pico-sdk/src/rp2_common/pico_runtime_init/runtime_init.c.o
                0x2000a968                __pre_init_runtime_init_clocks
 .preinit_array.00600
                0x2000a96c        0x4 CMakeFiles/sdc41.dir/home/henrik/sdk/pico-sdk/src/rp2_common/pico_runtime_init/runtime_init.c.o
                0x2000a96c                __pre_init_runtime_init_post_clock_resets
 .preinit_array.00700
                0x2000a970        0x4 CMakeFiles/sdc41.dir/home/henrik/sdk/pico-sdk/src/rp2_common/pico_runtime_init/runtime_init.c.o
                0x2000a970                __pre_init_runtime_init_rp2040_gpio_ie_disable
 .preinit_array.01000
                0x2000a974        0x4 CMakeFiles/sdc41.dir/home/henrik/sdk/pico-sdk/src/rp2_common/pico_runtime_init/runtime_init.c.o
                0x2000a974                __pre_init_runtime_init_spin_locks_reset
 .preinit_array.01100
                0x2000a978        0x4 CMakeFiles/sdc41.dir/home/henrik/sdk/pico-sdk/src/common/pico_sync/mutex.c.o
                0x2000a978                __pre_init_runtime_init_mutex
 .preinit_array.10080
                0x2000a97c        0x4 CMakeFiles/sdc41.dir/home/henrik/sdk/pico-sdk/src/rp2_common/pico_runtime_init/runtime_init.c.o
                0x2000a97c                __pre_init_runtime_init_install_ram_vector_table
 .preinit_array.11000
                0x2000a980        0x4 CMakeFiles/sdc41.dir/home/henrik/sdk/pico-sdk/src/common/pico_time/time.c.o
                0x2000a980                __pre_init_runtime_init_default_alarm_pool
 .preinit_array.YYYYY
                0x2000a984        0x4 CMakeFiles/sdc41.dir/home/henrik/sdk/pico-sdk/src/rp2_common/pico_runtime/runtime.c.o
                0x2000a984                __pre_init_first_per_core_initializer
 .preinit_array.ZZZZZ.01200
                0x2000a988        0x4 CMakeFiles/sdc41.dir/home/henrik/sdk/pico-sdk/src/rp2_common/hardware_irq/irq.c.o
                0x2000a988                __pre_init_runtime_init_per_core_irq_priorities
 *(.preinit_array)
                0x2000a98c                        PROVIDE (__preinit_array_end = .)
                0x2000a98c                        . = ALIGN (0x4)
                0x2000a98c                        PROVIDE (__init_array_start = .)
 *(SORT_BY_NAME(.init_array.*))
 *(.init_array)
                0x2000a98c                        PROVIDE (__init_array_end = .)
                [!provide]                        PROVIDE (__bothinit_array_end = .)
                0x2000a98c                        . = ALIGN (0x4)
                [!provide]                        PROVIDE (__fini_array_start = .)
 *(SORT_BY_NAME(.fini_array.*))
 *(.fini_array)
                [!provide]                        PROVIDE (__fini_array_end = .)
                [!provide]                        PROVIDE (__dso_handle = 0x0)
 *(.jcr)
                0x2000a98c                        . = ALIGN (0x4)

.igot.plt       0x2000a98c        0x0 load address 0x1000ab70
 .igot.plt      0x2000a98c        0x0 CMakeFiles/sdc41.dir/src/main.c.o

.tdata          0x2000a98c        0x0 load address 0x1000ab70
                0x2000a98c                        . = ALIGN (0x4)
 *(.tdata .tdata.* .gnu.linkonce.td.*)
                0x2000a98c                        __tdata_end = .
                0x2000a98c                        PROVIDE (__data_end__ = .)
                0x10008ba4                        __etext = LOADADDR (.data)
                0x2000a98c                        . = ALIGN (0x4)

.tbss           0x2000a98c        0x0 load address 0x1000ab70
                0x2000a98c                        __bss_start__ = .
                0x2000a98c                        __tls_base = .
 *(.tbss .tbss.* .gnu.linkonce.tb.*)
 *(.tcommon)
                0x2000a98c                        . = ALIGN (0x4)
                0x2000a98c                        __tls_end = .

.tbss_space     0x2000a98c        0x0 load address 0x1000ab70
                0x2000a98c                        . = (__bss_start__ + SIZEOF (.tbss))

.bss            0x2000a990      0x55c load address 0x1000ab70
                0x2000a990                        . = ALIGN (0x4)
                0x2000a990                        __tbss_end = .
 *(SORT_BY_ALIGNMENT(SORT_BY_NAME(.bss*)))
 .bss.default_alarm_pool_entries
                0x2000a990      0x180 CMakeFiles/sdc41.dir/home/henrik/sdk/pico-sdk/src/common/pico_time/time.c.o
 .bss.sd_table  0x2000ab10      0x100 CMakeFiles/sdc41.dir/home/henrik/sdk/pico-sdk/src/rp2_common/pico_double/double_init_rom_rp2040.c.o
                0x2000ab10                sd_table
 .bss.sf_table  0x2000ac10      0x100 CMakeFiles/sdc41.dir/home/henrik/sdk/pico-sdk/src/rp2_common/pico_float/float_init_rom_rp2040.c.o
                0x2000ac10                sf_table
 .bss           0x2000ad10       0x34 /usr/lib/gcc/arm-none-eabi/13.2.1/../../../arm-none-eabi/lib/thumb/v6-m/nofp/libg.a(libc_a-mallocr.o)
                0x2000ad10                __malloc_top_pad
                0x2000ad14                __malloc_current_mallinfo
                0x2000ad3c                __malloc_max_sbrked_mem
                0x2000ad40                __malloc_max_total_mem
 .bss           0x2000ad44      0x13c /usr/lib/gcc/arm-none-eabi/13.2.1/../../../arm-none-eabi/lib/thumb/v6-m/nofp/libg.a(libc_a-findfp.o)
                0x2000ad44                __stdio_exit_handler
                0x2000ad48                __sf
 .bss           0x2000ae80        0x4 /usr/lib/gcc/arm-none-eabi/13.2.1/../../../arm-none-eabi/lib/thumb/v6-m/nofp/libg.a(libc_a-reent.o)
                0x2000ae80                errno
 .bss.claimed   0x2000ae84        0x1 CMakeFiles/sdc41.dir/home/henrik/sdk/pico-sdk/src/rp2_common/hardware_timer/timer.c.o
 *fill*         0x2000ae85        0x3 
 .bss.configured_freq
                0x2000ae88       0x28 CMakeFiles/sdc41.dir/home/henrik/sdk/pico-sdk/src/rp2_common/hardware_clocks/clocks.c.o
 .bss.drivers   0x2000aeb0        0x4 CMakeFiles/sdc41.dir/home/henrik/sdk/pico-sdk/src/rp2_common/pico_stdio/stdio.c.o
 .bss.filter    0x2000aeb4        0x4 CMakeFiles/sdc41.dir/home/henrik/sdk/pico-sdk/src/rp2_common/pico_stdio/stdio.c.o
 .bss.heap_end.0
                0x2000aeb8        0x4 CMakeFiles/sdc41.dir/home/henrik/sdk/pico-sdk/src/rp2_common/pico_clib_interface/newlib_interface.c.o
 .bss.last_measurement
                0x2000aebc        0xc CMakeFiles/sdc41.dir/src/main.c.o
 .bss.lazy_vsnprintf
                0x2000aec8        0x4 CMakeFiles/sdc41.dir/home/henrik/sdk/pico-sdk/src/rp2_common/pico_printf/printf.c.o
 .bss.pools     0x2000aecc       0x10 CMakeFiles/sdc41.dir/home/henrik/sdk/pico-sdk/src/common/pico_time/time.c.o
 .bss.sf_clz_func
                0x2000aedc        0x4 CMakeFiles/sdc41.dir/home/henrik/sdk/pico-sdk/src/rp2_common/pico_double/double_init_rom_rp2040.c.o
                0x2000aedc                sf_clz_func
 .bss.sleep_notifier
                0x2000aee0        0x4 CMakeFiles/sdc41.dir/home/henrik/sdk/pico-sdk/src/common/pico_time/time.c.o
 .bss.uart_char_to_line_feed
                0x2000aee4        0x4 CMakeFiles/sdc41.dir/home/henrik/sdk/pico-sdk/src/rp2_common/hardware_uart/uart.c.o
                0x2000aee4                uart_char_to_line_feed
 .bss.have_measurement
                0x2000aee8        0x1 CMakeFiles/sdc41.dir/src/main.c.o
 .bss.mode      0x2000aee9        0x1 CMakeFiles/sdc41.dir/src/main.c.o
 *(COMMON)
                [!provide]                        PROVIDE (__global_pointer$ = (. + 0x800))
 *(.sbss*)
                0x2000aeec                        . = ALIGN (0x4)
 *fill*         0x2000aeea        0x2 
                0x2000aeec                        __bss_end__ = .
                [!provide]                        PROVIDE (__tls_start = SIZEOF (.tdata)?ADDR (.tdata):ADDR (.tbss))
                [!provide]                        PROVIDE (__tls_size = (__tls_end - __tls_start))
                0x00000001                        PROVIDE (__tls_align = MAX (ALIGNOF (.tdata), ALIGNOF (.tbss)))
                [!provide]                        PROVIDE (__tls_size_align = ALIGN (__tls_size, __tls_align))
                0x00000008                        PROVIDE (__arm32_tls_tcb_offset = MAX (0x8, __tls_align))
                0x00000000                        PROVIDE (__tdata_size = SIZEOF (.tdata))
                0x1000ab70                        PROVIDE (__tdata_source = LOADADDR (.tdata))
                0x00000000                        PROVIDE (__tbss_size = SIZEOF (.tbss))
                [!provide]                        PROVIDE (__tbss_offset = (ADDR (.tbss) - __tls_start))

.tlsX_not_needed_marker
 *(.tlsX_not_needed_marker)
                [!provide]                        PROVIDE (__tlsX_align = (SIZEOF (.tlsX_not_needed_marker) > 0x0)?0x4:__tls_align)
                [!provide]                        PROVIDE (__tlsX_size_align = (SIZEOF (.tlsX_not_needed_marker) > 0x0)?0x0:__tls_size_align)
                0x2000a98c                        __tls_start = DEFINED (__tls_start)?__tls_start:SIZEOF (.tdata)?ADDR (.tdata):ADDR (.tbss)
                0x00000000                        __tls_size = DEFINED (__tls_size)?__tls_size:(__tls_end - __tls_start)
                0x00000001                        __tls_align = DEFINED (__tls_align)?__tls_align:MAX (ALIGNOF (.tdata), ALIGNOF (.tbss))
                0x00000000                        __tls_size_align = DEFINED (__tls_size_align)?__tls_size_align:ALIGN (__tls_size, __tls_align)
                0x00000008                        __arm32_tls_tcb_offset = DEFINED (__arm32_tls_tcb_offset)?__arm32_tls_tcb_offset:MAX (0x8, __tls_align)
                0x00000000                        __tdata_size = DEFINED (__tdata_size)?__tdata_size:SIZEOF (.tdata)
                0x1000ab70                        __tdata_source = DEFINED (__tdata_source)?__tdata_source:LOADADDR (.tdata)
                0x00000000                        __tbss_size = DEFINED (__tbss_size)?__tbss_size:SIZEOF (.tbss)
                0x00000000                        __tbss_offset = DEFINED (__tbss_offset)?__tbss_offset:(ADDR (.tbss) - __tls_start)
                0x00000001                        __tlsX_align = DEFINED (__tlsX_align)?__tlsX_align:(SIZEOF (.tlsX_not_needed_marker) > 0x0)?0x4:__tls_align
                0x00000000                        __tlsX_size_align = DEFINED (__tlsX_size_align)?__tlsX_size_align:(SIZEOF (.tlsX_not_needed_marker) > 0x0)?0x0:__tls_size_align

.tls0           0x2000aeec        0x0 load address 0x1000ab70
                0x2000aeec                        . = ALIGN (__tlsX_align)
                0x2000aeec                        PROVIDE (__tls0_base = .)
                0x2000aeec                        . = (. + __tlsX_size_align)

.tls1           0x2000aeec        0x0 load address 0x1000ab70
                0x2000aeec                        . = ALIGN (__tlsX_align)
                0x2000aeec                        PROVIDE (__tls1_base = .)
                0x2000aeec                        . = (. + __tlsX_size_align)

.persistent_data
                0x2000aeec        0x0 load address 0x1000ab70
                0x2000aeec                        __persistent_data_start__ = .
 *(.persistent_data*)
                0x2000aeec                        . = ALIGN (0x4)
                [!provide]                        PROVIDE (__persistent_data_end__ = .)

.dummy_pre_heap
                0x2000aeec        0x0 load address 0x1000ab70
                0x2000aeec                        . = .

.heap           0x2000aeec      0x800
                0x2000aeec                        __end__ = .
                0x2000aeec                        end = __end__
 *(.heap*)
 .heap          0x2000aeec      0x800 CMakeFiles/sdc41.dir/home/henrik/sdk/pico-sdk/src/rp2_common/pico_crt0/crt0.S.o
                0x20040000                        __HeapLimit = DEFINED (HEAP_LIMIT)?HEAP_LIMIT:(ORIGIN (RAM) + LENGTH (RAM))

.scratch_x      0x20040000        0x0 load address 0x1000ab70
                0x20040000                        __scratch_x_start__ = .
 *(.scratch_x.*)
                0x20040000                        . = ALIGN (0x4)
                0x20040000                        __scratch_x_end__ = .
                0x1000ab70                        __scratch_x_source__ = LOADADDR (.scratch_x)

.scratch_y      0x20041000        0x0 load address 0x1000ab70
                0x20041000                        __scratch_y_start__ = .
 *(.scratch_y.*)
                0x20041000                        . = ALIGN (0x4)
                0x20041000                        __scratch_y_end__ = .
                0x1000ab70                        __scratch_y_source__ = LOADADDR (.scratch_y)

.stack1_dummy
 *(.stack1*)

.stack_dummy    0x20041000      0x800
 *(.stack*)
 .stack         0x20041000      0x800 CMakeFiles/sdc41.dir/home/henrik/sdk/pico-sdk/src/rp2_common/pico_crt0/crt0.S.o

.rel.dyn        0x20041800        0x0
 .rel.iplt      0x20041800        0x0 CMakeFiles/sdc41.dir/src/main.c.o

.flash_end      0x1000ab70        0x0
 *(.embedded_end_block*)
                0x1000ab70                        PROVIDE (__flash_binary_end = .)
                0x20040000                        __StackLimit = (ORIGIN (RAM) + LENGTH (RAM))
                0x20041000                        __StackOneTop = (ORIGIN (SCRATCH_X) + LENGTH (SCRATCH_X))
                0x20042000                        __StackTop = (ORIGIN (SCRATCH_Y) + LENGTH (SCRATCH_Y))
                0x20041000                        __StackOneBottom = (__StackOneTop - SIZEOF (.stack1_dummy))
                0x20041800                        __StackBottom = (__StackTop - SIZEOF (.stack_dummy))
                [!provide]                        PROVIDE (__stack = __StackTop)
                [!provide]                        PROVIDE (__heap_start = __end__)
                [!provide]                        PROVIDE (__heap_end = __HeapLimit)
                0x00000001                        PROVIDE (__tls_align = MAX (ALIGNOF (.tdata), ALIGNOF (.tbss)))
                [!provide]                        PROVIDE (__tls_size_align = (((__tls_size + __tls_align) - 0x1) & ~ ((__tls_align - 0x1))))
                0x00000008                        PROVIDE (__arm32_tls_tcb_offset = MAX (0x8, __tls_align))
                [!provide]                        PROVIDE (_end = __end__)
                [!provide]                        PROVIDE (__llvm_libc_heap_limit = __HeapLimit)
                0x00000001                        ASSERT ((__StackLimit >= __HeapLimit), region RAM overflowed)
                0x00000001                        ASSERT (((__binary_info_header_end - __logical_binary_start) <= 0x100), Binary info must be in first 256 bytes of the binary)
OUTPUT(sdc41.elf elf32-littlearm)
LOAD linker stubs

.debug_info     0x00000000    0x30f78
 .debug_info    0x00000000     0x596a CMakeFiles/sdc41.dir/src/main.c.o
 .debug_info    0x0000596a     0x17dd CMakeFiles/sdc41.dir/src/sdc41.c.o
 .debug_info    0x00007147      0x18e CMakeFiles/sdc41.dir/src/sdc41_crc.c.o
 .debug_info    0x000072d5     0x2348 CMakeFiles/sdc41.dir/home/henrik/sdk/pico-sdk/src/rp2_common/hardware_gpio/gpio.c.o
 .debug_info    0x0000961d      0x1bf CMakeFiles/sdc41.dir/home/henrik/sdk/pico-sdk/src/rp2_common/pico_platform_panic/panic.c.o
 .debug_info    0x000097dc      0x982 CMakeFiles/sdc41.dir/home/henrik/sdk/pico-sdk/src/common/hardware_claim/claim.c.o
 .debug_info    0x0000a15e      0x43c CMakeFiles/sdc41.dir/home/henrik/sdk/pico-sdk/src/rp2_common/hardware_sync/sync.c.o
 .debug_info    0x0000a59a      0x237 CMakeFiles/sdc41.dir/home/henrik/sdk/pico-sdk/src/rp2_common/hardware_sync_spin_lock/sync_spin_lock.c.o
 .debug_info    0x0000a7d1     0x22a0 CMakeFiles/sdc41.dir/home/henrik/sdk/pico-sdk/src/rp2_common/hardware_irq/irq.c.o
 .debug_info    0x0000ca71      0x155 CMakeFiles/sdc41.dir/home/henrik/sdk/pico-sdk/src/common/pico_sync/lock_core.c.o
 .debug_info    0x0000cbc6     0x1bb3 CMakeFiles/sdc41.dir/home/henrik/sdk/pico-sdk/src/common/pico_sync/mutex.c.o
 .debug_info    0x0000e779     0x4886 CMakeFiles/sdc41.dir/home/henrik/sdk/pico-sdk/src/common/pico_time/time.c.o
 .debug_info    0x00012fff     0x2afb CMakeFiles/sdc41.dir/home/henrik/sdk/pico-sdk/src/rp2_common/hardware_timer/timer.c.o
 .debug_info    0x00015afa     0x1a9e CMakeFiles/sdc41.dir/home/henrik/sdk/pico-sdk/src/rp2_common/hardware_uart/uart.c.o
 .debug_info    0x00017598     0x2e9c CMakeFiles/sdc41.dir/home/henrik/sdk/pico-sdk/src/rp2_common/hardware_clocks/clocks.c.o
 .debug_info    0x0001a434      0x4d9 CMakeFiles/sdc41.dir/home/henrik/sdk/pico-sdk/src/rp2_common/hardware_pll/pll.c.o
 .debug_info    0x0001a90d      0x230 CMakeFiles/sdc41.dir/home/henrik/sdk/pico-sdk/src/rp2_common/hardware_ticks/ticks.c.o
 .debug_info    0x0001ab3d      0x654 CMakeFiles/sdc41.dir/home/henrik/sdk/pico-sdk/src/rp2_common/pico_bootrom/bootrom.c.o
 .debug_info    0x0001b191      0x1b8 CMakeFiles/sdc41.dir/home/henrik/sdk/pico-sdk/src/rp2_common/hardware_xosc/xosc.c.o
 .debug_info    0x0001b349      0x20e CMakeFiles/sdc41.dir/home/henrik/sdk/pico-sdk/src/rp2_common/pico_runtime/runtime.c.o
 .debug_info    0x0001b557      0x7d2 CMakeFiles/sdc41.dir/home/henrik/sdk/pico-sdk/src/rp2_common/pico_runtime_init/runtime_init.c.o
 .debug_info    0x0001bd29      0x768 CMakeFiles/sdc41.dir/home/henrik/sdk/pico-sdk/src/rp2_common/pico_runtime_init/runtime_init_clocks.c.o
 .debug_info    0x0001c491       0x23 CMakeFiles/sdc41.dir/home/henrik/sdk/pico-sdk/src/rp2_common/pico_bit_ops/bit_ops_aeabi.S.o
 .debug_info    0x0001c4b4       0x23 CMakeFiles/sdc41.dir/home/henrik/sdk/pico-sdk/src/rp2_common/pico_divider/divider_hardware.S.o
 .debug_info    0x0001c4d7       0x23 CMakeFiles/sdc41.dir/home/henrik/sdk/pico-sdk/src/rp2_common/pico_double/double_aeabi_rp2040.S.o
 .debug_info    0x0001c4fa      0x274 CMakeFiles/sdc41.dir/home/henrik/sdk/pico-sdk/src/rp2_common/pico_double/double_init_rom_rp2040.c.o
 .debug_info    0x0001c76e       0x23 CMakeFiles/sdc41.dir/home/henrik/sdk/pico-sdk/src/rp2_common/pico_double/double_v1_rom_shim_rp2040.S.o
 .debug_info    0x0001c791       0x24 CMakeFiles/sdc41.dir/home/henrik/sdk/pico-sdk/src/rp2_common/pico_int64_ops/pico_int64_ops_aeabi.S.o
 .debug_info    0x0001c7b5       0x23 CMakeFiles/sdc41.dir/home/henrik/sdk/pico-sdk/src/rp2_common/pico_float/float_aeabi_rp2040.S.o
 .debug_info    0x0001c7d8      0x274 CMakeFiles/sdc41.dir/home/henrik/sdk/pico-sdk/src/rp2_common/pico_float/float_init_rom_rp2040.c.o
 .debug_info    0x0001ca4c       0x23 CMakeFiles/sdc41.dir/home/henrik/sdk/pico-sdk/src/rp2_common/pico_float/float_v1_rom_shim_rp2040.S.o
 .debug_info    0x0001ca6f       0x23 CMakeFiles/sdc41.dir/home/henrik/sdk/pico-sdk/src/rp2_common/pico_mem_ops/mem_ops_aeabi.S.o
 .debug_info    0x0001ca92      0x278 CMakeFiles/sdc41.dir/home/henrik/sdk/pico-sdk/src/rp2_common/pico_standard_binary_info/standard_binary_info.c.o
 .debug_info    0x0001cd0a     0x2102 CMakeFiles/sdc41.dir/home/henrik/sdk/pico-sdk/src/rp2_common/pico_printf/printf.c.o
 .debug_info    0x0001ee0c       0x23 CMakeFiles/sdc41.dir/home/henrik/sdk/pico-sdk/src/rp2_common/pico_crt0/crt0.S.o
 .debug_info    0x0001ee2f      0xbd0 CMakeFiles/sdc41.dir/home/henrik/sdk/pico-sdk/src/rp2_common/pico_clib_interface/newlib_interface.c.o
 .debug_info    0x0001f9ff     0x1b79 CMakeFiles/sdc41.dir/home/henrik/sdk/pico-sdk/src/rp2_common/pico_stdio/stdio.c.o
 .debug_info    0x00021578     0x1e48 CMakeFiles/sdc41.dir/home/henrik/sdk/pico-sdk/src/rp2_common/hardware_i2c/i2c.c.o
 .debug_info    0x000233c0       0x3c /usr/lib/gcc/arm-none-eabi/13.2.1/thumb/v6-m/nofp/libgcc.a(_dvmd_tls.o)
 .debug_info    0x000233fc     0x1e57 /usr/lib/gcc/arm-none-eabi/13.2.1/../../../arm-none-eabi/lib/thumb/v6-m/nofp/libg.a(libc_a-strtod.o)
 .debug_info    0x00025253      0xbd1 /usr/lib/gcc/arm-none-eabi/13.2.1/../../../arm-none-eabi/lib/thumb/v6-m/nofp/libg.a(libc_a-locale.o)
 .debug_info    0x00025e24       0x33 /usr/lib/gcc/arm-none-eabi/13.2.1/../../../arm-none-eabi/lib/thumb/v6-m/nofp/libg.a(libc_a-strcmp.o)
 .debug_info    0x00025e57     0x123a /usr/lib/gcc/arm-none-eabi/13.2.1/../../../arm-none-eabi/lib/thumb/v6-m/nofp/libg.a(libc_a-gdtoa-gethex.o)
 .debug_info    0x00027091      0xad3 /usr/lib/gcc/arm-none-eabi/13.2.1/../../../arm-none-eabi/lib/thumb/v6-m/nofp/libg.a(libc_a-mbtowc_r.o)
 .debug_info    0x00027b64      0x108 /usr/lib/gcc/arm-none-eabi/13.2.1/../../../arm-none-eabi/lib/thumb/v6-m/nofp/libg.a(libc_a-strncmp.o)
 .debug_info    0x00027c6c      0x70f /usr/lib/gcc/arm-none-eabi/13.2.1/../../../arm-none-eabi/lib/thumb/v6-m/nofp/libg.a(libc_a-errno.o)
 .debug_info    0x0002837b      0x729 /usr/lib/gcc/arm-none-eabi/13.2.1/../../../arm-none-eabi/lib/thumb/v6-m/nofp/libg.a(libc_a-impure.o)
 .debug_info    0x00028aa4      0x8ea /usr/lib/gcc/arm-none-eabi/13.2.1/../../../arm-none-eabi/lib/thumb/v6-m/nofp/libg.a(libc_a-callocr.o)
 .debug_info    0x0002938e      0xcc8 /usr/lib/gcc/arm-none-eabi/13.2.1/../../../arm-none-eabi/lib/thumb/v6-m/nofp/libg.a(libc_a-mallocr.o)
 .debug_info    0x0002a056      0xb49 /usr/lib/gcc/arm-none-eabi/13.2.1/../../../arm-none-eabi/lib/thumb/v6-m/nofp/libg.a(libc_a-freer.o)
 .debug_info    0x0002ab9f      0xd9d /usr/lib/gcc/arm-none-eabi/13.2.1/../../../arm-none-eabi/lib/thumb/v6-m/nofp/libg.a(libc_a-strtol.o)
 .debug_info    0x0002b93c      0xa8d /usr/lib/gcc/arm-none-eabi/13.2.1/../../../arm-none-eabi/lib/thumb/v6-m/nofp/libg.a(libc_a-wctomb_r.o)
 .debug_info    0x0002c3c9       0xc1 /usr/lib/gcc/arm-none-eabi/13.2.1/../../../arm-none-eabi/lib/thumb/v6-m/nofp/libg.a(libc_a-sysconf.o)
 .debug_info    0x0002c48a      0x73a /usr/lib/gcc/arm-none-eabi/13.2.1/../../../arm-none-eabi/lib/thumb/v6-m/nofp/libg.a(libc_a-mlock.o)
 .debug_info    0x0002cbc4      0xea9 /usr/lib/gcc/arm-none-eabi/13.2.1/../../../arm-none-eabi/lib/thumb/v6-m/nofp/libg.a(libc_a-findfp.o)
 .debug_info    0x0002da6d       0xb9 /usr/lib/gcc/arm-none-eabi/13.2.1/../../../arm-none-eabi/lib/thumb/v6-m/nofp/libg.a(libc_a-ctype_.o)
 .debug_info    0x0002db26       0xeb /usr/lib/gcc/arm-none-eabi/13.2.1/../../../arm-none-eabi/lib/thumb/v6-m/nofp/libg.a(libc_a-strlen-stub.o)
 .debug_info    0x0002dc11      0x796 /usr/lib/gcc/arm-none-eabi/13.2.1/../../../arm-none-eabi/lib/thumb/v6-m/nofp/libg.a(libc_a-sbrkr.o)
 .debug_info    0x0002e3a7      0x3d2 /usr/lib/gcc/arm-none-eabi/13.2.1/../../../arm-none-eabi/lib/thumb/v6-m/nofp/libg.a(libc_a-gdtoa-hexnan.o)
 .debug_info    0x0002e779       0xd3 /usr/lib/gcc/arm-none-eabi/13.2.1/../../../arm-none-eabi/lib/thumb/v6-m/nofp/libg.a(libm_a-s_nan.o)
 .debug_info    0x0002e84c       0xcf /usr/lib/gcc/arm-none-eabi/13.2.1/../../../arm-none-eabi/lib/thumb/v6-m/nofp/libg.a(libm_a-sf_nan.o)
 .debug_info    0x0002e91b     0x1e33 /usr/lib/gcc/arm-none-eabi/13.2.1/../../../arm-none-eabi/lib/thumb/v6-m/nofp/libg.a(libc_a-mprec.o)
 .debug_info    0x0003074e      0x82a /usr/lib/gcc/arm-none-eabi/13.2.1/../../../arm-none-eabi/lib/thumb/v6-m/nofp/libg.a(libc_a-reent.o)

.debug_abbrev   0x00000000     0x8c73
 .debug_abbrev  0x00000000      0x592 CMakeFiles/sdc41.dir/src/main.c.o
 .debug_abbrev  0x00000592      0x31a CMakeFiles/sdc41.dir/src/sdc41.c.o
 .debug_abbrev  0x000008ac      0x105 CMakeFiles/sdc41.dir/src/sdc41_crc.c.o
 .debug_abbrev  0x000009b1      0x4c4 CMakeFiles/sdc41.dir/home/henrik/sdk/pico-sdk/src/rp2_common/hardware_gpio/gpio.c.o
 .debug_abbrev  0x00000e75      0x12b CMakeFiles/sdc41.dir/home/henrik/sdk/pico-sdk/src/rp2_common/pico_platform_panic/panic.c.o
 .debug_abbrev  0x00000fa0      0x328 CMakeFiles/sdc41.dir/home/henrik/sdk/pico-sdk/src/common/hardware_claim/claim.c.o
 .debug_abbrev  0x000012c8      0x210 CMakeFiles/sdc41.dir/home/henrik/sdk/pico-sdk/src/rp2_common/hardware_sync/sync.c.o
 .debug_abbrev  0x000014d8      0x1ae CMakeFiles/sdc41.dir/home/henrik/sdk/pico-sdk/src/rp2_common/hardware_sync_spin_lock/sync_spin_lock.c.o
 .debug_abbrev  0x00001686      0x5d9 CMakeFiles/sdc41.dir/home/henrik/sdk/pico-sdk/src/rp2_common/hardware_irq/irq.c.o
 .debug_abbrev  0x00001c5f       0xee CMakeFiles/sdc41.dir/home/henrik/sdk/pico-sdk/src/common/pico_sync/lock_core.c.o
 .debug_abbrev  0x00001d4d      0x455 CMakeFiles/sdc41.dir/home/henrik/sdk/pico-sdk/src/common/pico_sync/mutex.c.o
 .debug_abbrev  0x000021a2      0x683 CMakeFiles/sdc41.dir/home/henrik/sdk/pico-sdk/src/common/pico_time/time.c.o
 .debug_abbrev  0x00002825      0x4f3 CMakeFiles/sdc41.dir/home/henrik/sdk/pico-sdk/src/rp2_common/hardware_timer/timer.c.o
 .debug_abbrev  0x00002d18      0x364 CMakeFiles/sdc41.dir/home/henrik/sdk/pico-sdk/src/rp2_common/hardware_uart/uart.c.o
 .debug_abbrev  0x0000307c      0x530 CMakeFiles/sdc41.dir/home/henrik/sdk/pico-sdk/src/rp2_common/hardware_clocks/clocks.c.o
 .debug_abbrev  0x000035ac      0x1d2 CMakeFiles/sdc41.dir/home/henrik/sdk/pico-sdk/src/rp2_common/hardware_pll/pll.c.o
 .debug_abbrev  0x0000377e      0x145 CMakeFiles/sdc41.dir/home/henrik/sdk/pico-sdk/src/rp2_common/hardware_ticks/ticks.c.o
 .debug_abbrev  0x000038c3      0x1bc CMakeFiles/sdc41.dir/home/henrik/sdk/pico-sdk/src/rp2_common/pico_bootrom/bootrom.c.o
 .debug_abbrev  0x00003a7f      0x11d CMakeFiles/sdc41.dir/home/henrik/sdk/pico-sdk/src/rp2_common/hardware_xosc/xosc.c.o
 .debug_abbrev  0x00003b9c      0x185 CMakeFiles/sdc41.dir/home/henrik/sdk/pico-sdk/src/rp2_common/pico_runtime/runtime.c.o
 .debug_abbrev  0x00003d21      0x26b CMakeFiles/sdc41.dir/home/henrik/sdk/pico-sdk/src/rp2_common/pico_runtime_init/runtime_init.c.o
 .debug_abbrev  0x00003f8c      0x294 CMakeFiles/sdc41.dir/home/henrik/sdk/pico-sdk/src/rp2_common/pico_runtime_init/runtime_init_clocks.c.o
 .debug_abbrev  0x00004220       0x12 CMakeFiles/sdc41.dir/home/henrik/sdk/pico-sdk/src/rp2_common/pico_bit_ops/bit_ops_aeabi.S.o
 .debug_abbrev  0x00004232       0x12 CMakeFiles/sdc41.dir/home/henrik/sdk/pico-sdk/src/rp2_common/pico_divider/divider_hardware.S.o
 .debug_abbrev  0x00004244       0x12 CMakeFiles/sdc41.dir/home/henrik/sdk/pico-sdk/src/rp2_common/pico_double/double_aeabi_rp2040.S.o
 .debug_abbrev  0x00004256      0x17a CMakeFiles/sdc41.dir/home/henrik/sdk/pico-sdk/src/rp2_common/pico_double/double_init_rom_rp2040.c.o
 .debug_abbrev  0x000043d0       0x12 CMakeFiles/sdc41.dir/home/henrik/sdk/pico-sdk/src/rp2_common/pico_double/double_v1_rom_shim_rp2040.S.o
 .debug_abbrev  0x000043e2       0x14 CMakeFiles/sdc41.dir/home/henrik/sdk/pico-sdk/src/rp2_common/pico_int64_ops/pico_int64_ops_aeabi.S.o
 .debug_abbrev  0x000043f6       0x12 CMakeFiles/sdc41.dir/home/henrik/sdk/pico-sdk/src/rp2_common/pico_float/float_aeabi_rp2040.S.o
 .debug_abbrev  0x00004408      0x173 CMakeFiles/sdc41.dir/home/henrik/sdk/pico-sdk/src/rp2_common/pico_float/float_init_rom_rp2040.c.o
 .debug_abbrev  0x0000457b       0x12 CMakeFiles/sdc41.dir/home/henrik/sdk/pico-sdk/src/rp2_common/pico_float/float_v1_rom_shim_rp2040.S.o
 .debug_abbrev  0x0000458d       0x12 CMakeFiles/sdc41.dir/home/henrik/sdk/pico-sdk/src/rp2_common/pico_mem_ops/mem_ops_aeabi.S.o
 .debug_abbrev  0x0000459f       0xb9 CMakeFiles/sdc41.dir/home/henrik/sdk/pico-sdk/src/rp2_common/pico_standard_binary_info/standard_binary_info.c.o
 .debug_abbrev  0x00004658      0x525 CMakeFiles/sdc41.dir/home/henrik/sdk/pico-sdk/src/rp2_common/pico_printf/printf.c.o
 .debug_abbrev  0x00004b7d       0x12 CMakeFiles/sdc41.dir/home/henrik/sdk/pico-sdk/src/rp2_common/pico_crt0/crt0.S.o
 .debug_abbrev  0x00004b8f      0x36b CMakeFiles/sdc41.dir/home/henrik/sdk/pico-sdk/src/rp2_common/pico_clib_interface/newlib_interface.c.o
 .debug_abbrev  0x00004efa      0x5e6 CMakeFiles/sdc41.dir/home/henrik/sdk/pico-sdk/src/rp2_common/pico_stdio/stdio.c.o
 .debug_abbrev  0x000054e0      0x482 CMakeFiles/sdc41.dir/home/henrik/sdk/pico-sdk/src/rp2_common/hardware_i2c/i2c.c.o
 .debug_abbrev  0x00005962       0x26 /usr/lib/gcc/arm-none-eabi/13.2.1/thumb/v6-m/nofp/libgcc.a(_dvmd_tls.o)
 .debug_abbrev  0x00005988      0x52e /usr/lib/gcc/arm-none-eabi/13.2.1/../../../arm-none-eabi/lib/thumb/v6-m/nofp/libg.a(libc_a-strtod.o)
 .debug_abbrev  0x00005eb6      0x2d9 /usr/lib/gcc/arm-none-eabi/13.2.1/../../../arm-none-eabi/lib/thumb/v6-m/nofp/libg.a(libc_a-locale.o)
 .debug_abbrev  0x0000618f       0x28 /usr/lib/gcc/arm-none-eabi/13.2.1/../../../arm-none-eabi/lib/thumb/v6-m/nofp/libg.a(libc_a-strcmp.o)
 .debug_abbrev  0x000061b7      0x408 /usr/lib/gcc/arm-none-eabi/13.2.1/../../../arm-none-eabi/lib/thumb/v6-m/nofp/libg.a(libc_a-gdtoa-gethex.o)
 .debug_abbrev  0x000065bf      0x264 /usr/lib/gcc/arm-none-eabi/13.2.1/../../../arm-none-eabi/lib/thumb/v6-m/nofp/libg.a(libc_a-mbtowc_r.o)
 .debug_abbrev  0x00006823       0x92 /usr/lib/gcc/arm-none-eabi/13.2.1/../../../arm-none-eabi/lib/thumb/v6-m/nofp/libg.a(libc_a-strncmp.o)
 .debug_abbrev  0x000068b5      0x19a /usr/lib/gcc/arm-none-eabi/13.2.1/../../../arm-none-eabi/lib/thumb/v6-m/nofp/libg.a(libc_a-errno.o)
 .debug_abbrev  0x00006a4f      0x185 /usr/lib/gcc/arm-none-eabi/13.2.1/../../../arm-none-eabi/lib/thumb/v6-m/nofp/libg.a(libc_a-impure.o)
 .debug_abbrev  0x00006bd4      0x25b /usr/lib/gcc/arm-none-eabi/13.2.1/../../../arm-none-eabi/lib/thumb/v6-m/nofp/libg.a(libc_a-callocr.o)
 .debug_abbrev  0x00006e2f      0x2d7 /usr/lib/gcc/arm-none-eabi/13.2.1/../../../arm-none-eabi/lib/thumb/v6-m/nofp/libg.a(libc_a-mallocr.o)
 .debug_abbrev  0x00007106      0x289 /usr/lib/gcc/arm-none-eabi/13.2.1/../../../arm-none-eabi/lib/thumb/v6-m/nofp/libg.a(libc_a-freer.o)
 .debug_abbrev  0x0000738f      0x332 /usr/lib/gcc/arm-none-eabi/13.2.1/../../../arm-none-eabi/lib/thumb/v6-m/nofp/libg.a(libc_a-strtol.o)
 .debug_abbrev  0x000076c1      0x24e /usr/lib/gcc/arm-none-eabi/13.2.1/../../../arm-none-eabi/lib/thumb/v6-m/nofp/libg.a(libc_a-wctomb_r.o)
 .debug_abbrev  0x0000790f       0x80 /usr/lib/gcc/arm-none-eabi/13.2.1/../../../arm-none-eabi/lib/thumb/v6-m/nofp/libg.a(libc_a-sysconf.o)
 .debug_abbrev  0x0000798f      0x1ce /usr/lib/gcc/arm-none-eabi/13.2.1/../../../arm-none-eabi/lib/thumb/v6-m/nofp/libg.a(libc_a-mlock.o)
 .debug_abbrev  0x00007b5d      0x430 /usr/lib/gcc/arm-none-eabi/13.2.1/../../../arm-none-eabi/lib/thumb/v6-m/nofp/libg.a(libc_a-findfp.o)
 .debug_abbrev  0x00007f8d       0x62 /usr/lib/gcc/arm-none-eabi/13.2.1/../../../arm-none-eabi/lib/thumb/v6-m/nofp/libg.a(libc_a-ctype_.o)
 .debug_abbrev  0x00007fef       0x90 /usr/lib/gcc/arm-none-eabi/13.2.1/../../../arm-none-eabi/lib/thumb/v6-m/nofp/libg.a(libc_a-strlen-stub.o)
 .debug_abbrev  0x0000807f      0x216 /usr/lib/gcc/arm-none-eabi/13.2.1/../../../arm-none-eabi/lib/thumb/v6-m/nofp/libg.a(libc_a-sbrkr.o)
 .debug_abbrev  0x00008295      0x1b2 /usr/lib/gcc/arm-none-eabi/13.2.1/../../../arm-none-eabi/lib/thumb/v6-m/nofp/libg.a(libc_a-gdtoa-hexnan.o)
 .debug_abbrev  0x00008447       0x7a /usr/lib/gcc/arm-none-eabi/13.2.1/../../../arm-none-eabi/lib/thumb/v6-m/nofp/libg.a(libm_a-s_nan.o)
 .debug_abbrev  0x000084c1       0x7a /usr/lib/gcc/arm-none-eabi/13.2.1/../../../arm-none-eabi/lib/thumb/v6-m/nofp/libg.a(libm_a-sf_nan.o)
 .debug_abbrev  0x0000853b      0x511 /usr/lib/gcc/arm-none-eabi/13.2.1/../../../arm-none-eabi/lib/thumb/v6-m/nofp/libg.a(libc_a-mprec.o)
 .debug_abbrev  0x00008a4c      0x227 /usr/lib/gcc/arm-none-eabi/13.2.1/../../../arm-none-eabi/lib/thumb/v6-m/nofp/libg.a(libc_a-reent.o)

.debug_loclists
                0x00000000    0x1bb28
 .debug_loclists
                0x00000000     0x2d98 CMakeFiles/sdc41.dir/src/main.c.o
 .debug_loclists
                0x00002d98      0xb30 CMakeFiles/sdc41.dir/src/sdc41.c.o
 .debug_loclists
                0x000038c8      0x16e CMakeFiles/sdc41.dir/src/sdc41_crc.c.o
 .debug_loclists
                0x00003a36     0x1a45 CMakeFiles/sdc41.dir/home/henrik/sdk/pico-sdk/src/rp2_common/hardware_gpio/gpio.c.o
 .debug_loclists
                0x0000547b      0x36e CMakeFiles/sdc41.dir/home/henrik/sdk/pico-sdk/src/common/hardware_claim/claim.c.o
 .debug_loclists
                0x000057e9       0xf1 CMakeFiles/sdc41.dir/home/henrik/sdk/pico-sdk/src/rp2_common/hardware_sync/sync.c.o
 .debug_loclists
                0x000058da       0x7d CMakeFiles/sdc41.dir/home/henrik/sdk/pico-sdk/src/rp2_common/hardware_sync_spin_lock/sync_spin_lock.c.o
 .debug_loclists